Archive member included to satisfy reference by file (symbol)

D:/ST/STM32CubeIDE_1.15.0/STM32CubeIDE/plugins/com.st.stm32cube.ide.mcu.externaltools.gnu-tools-for-stm32.12.3.rel1.win32_1.0.100.202403111256/tools/bin/../lib/gcc/arm-none-eabi/12.3.1/../../../../arm-none-eabi/lib/thumb/v7-m/nofp\libc_nano.a(libc_a-exit.o)
                              D:/ST/STM32CubeIDE_1.15.0/STM32CubeIDE/plugins/com.st.stm32cube.ide.mcu.externaltools.gnu-tools-for-stm32.12.3.rel1.win32_1.0.100.202403111256/tools/bin/../lib/gcc/arm-none-eabi/12.3.1/../../../../arm-none-eabi/lib/thumb/v7-m/nofp/crt0.o (exit)
D:/ST/STM32CubeIDE_1.15.0/STM32CubeIDE/plugins/com.st.stm32cube.ide.mcu.externaltools.gnu-tools-for-stm32.12.3.rel1.win32_1.0.100.202403111256/tools/bin/../lib/gcc/arm-none-eabi/12.3.1/../../../../arm-none-eabi/lib/thumb/v7-m/nofp\libc_nano.a(libc_a-findfp.o)
                              D:/ST/STM32CubeIDE_1.15.0/STM32CubeIDE/plugins/com.st.stm32cube.ide.mcu.externaltools.gnu-tools-for-stm32.12.3.rel1.win32_1.0.100.202403111256/tools/bin/../lib/gcc/arm-none-eabi/12.3.1/../../../../arm-none-eabi/lib/thumb/v7-m/nofp\libc_nano.a(libc_a-exit.o) (__stdio_exit_handler)
D:/ST/STM32CubeIDE_1.15.0/STM32CubeIDE/plugins/com.st.stm32cube.ide.mcu.externaltools.gnu-tools-for-stm32.12.3.rel1.win32_1.0.100.202403111256/tools/bin/../lib/gcc/arm-none-eabi/12.3.1/../../../../arm-none-eabi/lib/thumb/v7-m/nofp\libc_nano.a(libc_a-fwalk.o)
                              D:/ST/STM32CubeIDE_1.15.0/STM32CubeIDE/plugins/com.st.stm32cube.ide.mcu.externaltools.gnu-tools-for-stm32.12.3.rel1.win32_1.0.100.202403111256/tools/bin/../lib/gcc/arm-none-eabi/12.3.1/../../../../arm-none-eabi/lib/thumb/v7-m/nofp\libc_nano.a(libc_a-findfp.o) (_fwalk_sglue)
D:/ST/STM32CubeIDE_1.15.0/STM32CubeIDE/plugins/com.st.stm32cube.ide.mcu.externaltools.gnu-tools-for-stm32.12.3.rel1.win32_1.0.100.202403111256/tools/bin/../lib/gcc/arm-none-eabi/12.3.1/../../../../arm-none-eabi/lib/thumb/v7-m/nofp\libc_nano.a(libc_a-sprintf.o)
                              ./Core/Src/main.o (sprintf)
D:/ST/STM32CubeIDE_1.15.0/STM32CubeIDE/plugins/com.st.stm32cube.ide.mcu.externaltools.gnu-tools-for-stm32.12.3.rel1.win32_1.0.100.202403111256/tools/bin/../lib/gcc/arm-none-eabi/12.3.1/../../../../arm-none-eabi/lib/thumb/v7-m/nofp\libc_nano.a(libc_a-stdio.o)
                              D:/ST/STM32CubeIDE_1.15.0/STM32CubeIDE/plugins/com.st.stm32cube.ide.mcu.externaltools.gnu-tools-for-stm32.12.3.rel1.win32_1.0.100.202403111256/tools/bin/../lib/gcc/arm-none-eabi/12.3.1/../../../../arm-none-eabi/lib/thumb/v7-m/nofp\libc_nano.a(libc_a-findfp.o) (__sread)
D:/ST/STM32CubeIDE_1.15.0/STM32CubeIDE/plugins/com.st.stm32cube.ide.mcu.externaltools.gnu-tools-for-stm32.12.3.rel1.win32_1.0.100.202403111256/tools/bin/../lib/gcc/arm-none-eabi/12.3.1/../../../../arm-none-eabi/lib/thumb/v7-m/nofp\libc_nano.a(libc_a-memset.o)
                              D:/ST/STM32CubeIDE_1.15.0/STM32CubeIDE/plugins/com.st.stm32cube.ide.mcu.externaltools.gnu-tools-for-stm32.12.3.rel1.win32_1.0.100.202403111256/tools/bin/../lib/gcc/arm-none-eabi/12.3.1/../../../../arm-none-eabi/lib/thumb/v7-m/nofp/crt0.o (memset)
D:/ST/STM32CubeIDE_1.15.0/STM32CubeIDE/plugins/com.st.stm32cube.ide.mcu.externaltools.gnu-tools-for-stm32.12.3.rel1.win32_1.0.100.202403111256/tools/bin/../lib/gcc/arm-none-eabi/12.3.1/../../../../arm-none-eabi/lib/thumb/v7-m/nofp\libc_nano.a(libc_a-closer.o)
                              D:/ST/STM32CubeIDE_1.15.0/STM32CubeIDE/plugins/com.st.stm32cube.ide.mcu.externaltools.gnu-tools-for-stm32.12.3.rel1.win32_1.0.100.202403111256/tools/bin/../lib/gcc/arm-none-eabi/12.3.1/../../../../arm-none-eabi/lib/thumb/v7-m/nofp\libc_nano.a(libc_a-stdio.o) (_close_r)
D:/ST/STM32CubeIDE_1.15.0/STM32CubeIDE/plugins/com.st.stm32cube.ide.mcu.externaltools.gnu-tools-for-stm32.12.3.rel1.win32_1.0.100.202403111256/tools/bin/../lib/gcc/arm-none-eabi/12.3.1/../../../../arm-none-eabi/lib/thumb/v7-m/nofp\libc_nano.a(libc_a-reent.o)
                              D:/ST/STM32CubeIDE_1.15.0/STM32CubeIDE/plugins/com.st.stm32cube.ide.mcu.externaltools.gnu-tools-for-stm32.12.3.rel1.win32_1.0.100.202403111256/tools/bin/../lib/gcc/arm-none-eabi/12.3.1/../../../../arm-none-eabi/lib/thumb/v7-m/nofp\libc_nano.a(libc_a-closer.o) (errno)
D:/ST/STM32CubeIDE_1.15.0/STM32CubeIDE/plugins/com.st.stm32cube.ide.mcu.externaltools.gnu-tools-for-stm32.12.3.rel1.win32_1.0.100.202403111256/tools/bin/../lib/gcc/arm-none-eabi/12.3.1/../../../../arm-none-eabi/lib/thumb/v7-m/nofp\libc_nano.a(libc_a-impure.o)
                              D:/ST/STM32CubeIDE_1.15.0/STM32CubeIDE/plugins/com.st.stm32cube.ide.mcu.externaltools.gnu-tools-for-stm32.12.3.rel1.win32_1.0.100.202403111256/tools/bin/../lib/gcc/arm-none-eabi/12.3.1/../../../../arm-none-eabi/lib/thumb/v7-m/nofp\libc_nano.a(libc_a-sprintf.o) (_impure_ptr)
[...]
Memory Configuration

Name             Origin             Length             Attributes
RAM              0x20000000         0x00005000         xrw
FLASH            0x08000000         0x00010000         xr
*default*        0x00000000         0xffffffff

Linker script and memory map

LOAD D:/ST/STM32CubeIDE_1.15.0/STM32CubeIDE/plugins/com.st.stm32cube.ide.mcu.externaltools.gnu-tools-for-stm32.12.3.rel1.win32_1.0.100.202403111256/tools/bin/../lib/gcc/arm-none-eabi/12.3.1/thumb/v7-m/nofp/crti.o
LOAD D:/ST/STM32CubeIDE_1.15.0/STM32CubeIDE/plugins/com.st.stm32cube.ide.mcu.externaltools.gnu-tools-for-stm32.12.3.rel1.win32_1.0.100.202403111256/tools/bin/../lib/gcc/arm-none-eabi/12.3.1/thumb/v7-m/nofp/crtbegin.o
LOAD D:/ST/STM32CubeIDE_1.15.0/STM32CubeIDE/plugins/com.st.stm32cube.ide.mcu.externaltools.gnu-tools-for-stm32.12.3.rel1.win32_1.0.100.202403111256/tools/bin/../lib/gcc/arm-none-eabi/12.3.1/../../../../arm-none-eabi/lib/thumb/v7-m/nofp/crt0.o
LOAD ./Core/Src/main.o
LOAD ./Core/Src/stm32f1xx_hal_msp.o
LOAD ./Core/Src/stm32f1xx_it.o
LOAD ./Core/Src/syscalls.o
LOAD ./Core/Src/sysmem.o
LOAD ./Core/Src/system_stm32f1xx.o
LOAD ./Core/Startup/startup_stm32f103c8tx.o
LOAD ./Drivers/STM32F1xx_HAL_Driver/Src/stm32f1xx_hal.o
LOAD ./Drivers/STM32F1xx_HAL_Driver/Src/stm32f1xx_hal_cortex.o
LOAD ./Drivers/STM32F1xx_HAL_Driver/Src/stm32f1xx_hal_dma.o
LOAD ./Drivers/STM32F1xx_HAL_Driver/Src/stm32f1xx_hal_exti.o
LOAD ./Drivers/STM32F1xx_HAL_Driver/Src/stm32f1xx_hal_flash.o
LOAD ./Drivers/STM32F1xx_HAL_Driver/Src/stm32f1xx_hal_flash_ex.o
LOAD ./Drivers/STM32F1xx_HAL_Driver/Src/stm32f1xx_hal_gpio.o
LOAD ./Drivers/STM32F1xx_HAL_Driver/Src/stm32f1xx_hal_gpio_ex.o
LOAD ./Drivers/STM32F1xx_HAL_Driver/Src/stm32f1xx_hal_i2c.o
LOAD ./Drivers/STM32F1xx_HAL_Driver/Src/stm32f1xx_hal_pcd.o
LOAD ./Drivers/STM32F1xx_HAL_Driver/Src/stm32f1xx_hal_pcd_ex.o
LOAD ./Drivers/STM32F1xx_HAL_Driver/Src/stm32f1xx_hal_pwr.o
LOAD ./Drivers/STM32F1xx_HAL_Driver/Src/stm32f1xx_hal_rcc.o
LOAD ./Drivers/STM32F1xx_HAL_Driver/Src/stm32f1xx_hal_rcc_ex.o
LOAD ./Drivers/STM32F1xx_HAL_Driver/Src/stm32f1xx_hal_tim.o
LOAD ./Drivers/STM32F1xx_HAL_Driver/Src/stm32f1xx_hal_tim_ex.o
LOAD ./Drivers/STM32F1xx_HAL_Driver/Src/stm32f1xx_ll_usb.o
LOAD ./Middlewares/ST/STM32_USB_Device_Library/Class/CDC/Src/usbd_cdc.o
LOAD ./Middlewares/ST/STM32_USB_Device_Library/Core/Src/usbd_core.o
LOAD ./Middlewares/ST/STM32_USB_Device_Library/Core/Src/usbd_ctlreq.o
LOAD ./Middlewares/ST/STM32_USB_Device_Library/Core/Src/usbd_ioreq.o
LOAD ./USB_DEVICE/App/usb_device.o
LOAD ./USB_DEVICE/App/usbd_cdc_if.o
LOAD ./USB_DEVICE/App/usbd_desc.o
LOAD ./USB_DEVICE/Target/usbd_conf.o
START GROUP
LOAD D:/ST/STM32CubeIDE_1.15.0/STM32CubeIDE/plugins/com.st.stm32cube.ide.mcu.externaltools.gnu-tools-for-stm32.12.3.rel1.win32_1.0.100.202403111256/tools/bin/../lib/gcc/arm-none-eabi/12.3.1/../../../../arm-none-eabi/lib/thumb/v7-m/nofp\libc_nano.a
LOAD D:/ST/STM32CubeIDE_1.15.0/STM32CubeIDE/plugins/com.st.stm32cube.ide.mcu.externaltools.gnu-tools-for-stm32.12.3.rel1.win32_1.0.100.202403111256/tools/bin/../lib/gcc/arm-none-eabi/12.3.1/../../../../arm-none-eabi/lib/thumb/v7-m/nofp\libm.a
END GROUP
START GROUP
LOAD D:/ST/STM32CubeIDE_1.15.0/STM32CubeIDE/plugins/com.st.stm32cube.ide.mcu.externaltools.gnu-tools-for-stm32.12.3.rel1.win32_1.0.100.202403111256/tools/bin/../lib/gcc/arm-none-eabi/12.3.1/thumb/v7-m/nofp\libgcc.a
LOAD D:/ST/STM32CubeIDE_1.15.0/STM32CubeIDE/plugins/com.st.stm32cube.ide.mcu.externaltools.gnu-tools-for-stm32.12.3.rel1.win32_1.0.100.202403111256/tools/bin/../lib/gcc/arm-none-eabi/12.3.1/../../../../arm-none-eabi/lib/thumb/v7-m/nofp\libc_nano.a
END GROUP
START GROUP
LOAD D:/ST/STM32CubeIDE_1.15.0/STM32CubeIDE/plugins/com.st.stm32cube.ide.mcu.externaltools.gnu-tools-for-stm32.12.3.rel1.win32_1.0.100.202403111256/tools/bin/../lib/gcc/arm-none-eabi/12.3.1/thumb/v7-m/nofp\libgcc.a
LOAD D:/ST/STM32CubeIDE_1.15.0/STM32CubeIDE/plugins/com.st.stm32cube.ide.mcu.externaltools.gnu-tools-for-stm32.12.3.rel1.win32_1.0.100.202403111256/tools/bin/../lib/gcc/arm-none-eabi/12.3.1/../../../../arm-none-eabi/lib/thumb/v7-m/nofp\libc_nano.a
LOAD D:/ST/STM32CubeIDE_1.15.0/STM32CubeIDE/plugins/com.st.stm32cube.ide.mcu.externaltools.gnu-tools-for-stm32.12.3.rel1.win32_1.0.100.202403111256/tools/bin/../lib/gcc/arm-none-eabi/12.3.1/../../../../arm-none-eabi/lib/thumb/v7-m/nofp\libnosys.a
END GROUP
START GROUP
LOAD D:/ST/STM32CubeIDE_1.15.0/STM32CubeIDE/plugins/com.st.stm32cube.ide.mcu.externaltools.gnu-tools-for-stm32.12.3.rel1.win32_1.0.100.202403111256/tools/bin/../lib/gcc/arm-none-eabi/12.3.1/thumb/v7-m/nofp\libgcc.a
LOAD D:/ST/STM32CubeIDE_1.15.0/STM32CubeIDE/plugins/com.st.stm32cube.ide.mcu.externaltools.gnu-tools-for-stm32.12.3.rel1.win32_1.0.100.202403111256/tools/bin/../lib/gcc/arm-none-eabi/12.3.1/../../../../arm-none-eabi/lib/thumb/v7-m/nofp\libc_nano.a
LOAD D:/ST/STM32CubeIDE_1.15.0/STM32CubeIDE/plugins/com.st.stm32cube.ide.mcu.externaltools.gnu-tools-for-stm32.12.3.rel1.win32_1.0.100.202403111256/tools/bin/../lib/gcc/arm-none-eabi/12.3.1/../../../../arm-none-eabi/lib/thumb/v7-m/nofp\libnosys.a
END GROUP
LOAD D:/ST/STM32CubeIDE_1.15.0/STM32CubeIDE/plugins/com.st.stm32cube.ide.mcu.externaltools.gnu-tools-for-stm32.12.3.rel1.win32_1.0.100.202403111256/tools/bin/../lib/gcc/arm-none-eabi/12.3.1/thumb/v7-m/nofp/crtend.o
LOAD D:/ST/STM32CubeIDE_1.15.0/STM32CubeIDE/plugins/com.st.stm32cube.ide.mcu.externaltools.gnu-tools-for-stm32.12.3.rel1.win32_1.0.100.202403111256/tools/bin/../lib/gcc/arm-none-eabi/12.3.1/thumb/v7-m/nofp/crtn.o
                0x20005000                        _estack = (ORIGIN (RAM) + LENGTH (RAM))
                0x00000200                        _Min_Heap_Size = 0x200
                0x00000400                        _Min_Stack_Size = 0x400

.isr_vector     0x08000000      0x10c
                0x08000000                        . = ALIGN (0x4)
 *(.isr_vector)
 .isr_vector    0x08000000      0x10c ./Core/Startup/startup_stm32f103c8tx.o
                0x08000000                g_pfnVectors
                0x0800010c                        . = ALIGN (0x4)

.text           0x0800010c     0x9470
                0x0800010c                        . = ALIGN (0x4)
 *(.text)
 .text          0x0800010c       0x40 D:/ST/STM32CubeIDE_1.15.0/STM32CubeIDE/plugins/com.st.stm32cube.ide.mcu.externaltools.gnu-tools-for-stm32.12.3.rel1.win32_1.0.100.202403111256/tools/bin/../lib/gcc/arm-none-eabi/12.3.1/thumb/v7-m/nofp/crtbegin.o
 .text          0x0800014c       0x10 D:/ST/STM32CubeIDE_1.15.0/STM32CubeIDE/plugins/com.st.stm32cube.ide.mcu.externaltools.gnu-tools-for-stm32.12.3.rel1.win32_1.0.100.202403111256/tools/bin/../lib/gcc/arm-none-eabi/12.3.1/../../../../arm-none-eabi/lib/thumb/v7-m/nofp\libc_nano.a(libc_a-strlen.o)
                0x0800014c                strlen
 *(.text*)
 .text.DS1307_Init
                0x0800015c       0x20 ./Core/Src/main.o
                0x0800015c                DS1307_Init
 .text.DS1307_SetClockHalt
                0x0800017c       0x42 ./Core/Src/main.o
                0x0800017c                DS1307_SetClockHalt
 .text.DS1307_GetClockHalt
                0x080001be       0x1a ./Core/Src/main.o
                0x080001be                DS1307_GetClockHalt
 .text.DS1307_SetRegByte
                0x080001d8       0x3c ./Core/Src/main.o
                0x080001d8                DS1307_SetRegByte
 .text.DS1307_GetRegByte
                0x08000214       0x44 ./Core/Src/main.o
                0x08000214                DS1307_GetRegByte
 .text.DS1307_GetDOW
                0x08000258       0x18 ./Core/Src/main.o
                0x08000258                DS1307_GetDOW
 .text.DS1307_GetDate
                0x08000270       0x18 ./Core/Src/main.o
                0x08000270                DS1307_GetDate
 .text.DS1307_GetMonth
                0x08000288       0x18 ./Core/Src/main.o
                0x08000288                DS1307_GetMonth
 .text.DS1307_GetYear
                0x080002a0       0x42 ./Core/Src/main.o
                0x080002a0                DS1307_GetYear
 .text.DS1307_GetHour
                0x080002e2       0x1e ./Core/Src/main.o
                0x080002e2                DS1307_GetHour
 .text.DS1307_GetMin
                0x08000300       0x18 ./Core/Src/main.o
                0x08000300                DS1307_GetMin
 .text.DS1307_GetTimeZoneHour
                0x08000318       0x12 ./Core/Src/main.o
                0x08000318                DS1307_GetTimeZoneHour
 .text.DS1307_GetTimeZoneMin
                0x0800032a       0x10 ./Core/Src/main.o
                0x0800032a                DS1307_GetTimeZoneMin
 .text.DS1307_GetSec
                0x0800033a       0x1e ./Core/Src/main.o
                0x0800033a                DS1307_GetSec
 .text.DS1307_SetDOW
                0x08000358       0x24 ./Core/Src/main.o
                0x08000358                DS1307_SetDOW
 .text.DS1307_SetMonth
                0x0800037c       0x24 ./Core/Src/main.o
                0x0800037c                DS1307_SetMonth
 .text.DS1307_SetDate
                0x080003a0       0x24 ./Core/Src/main.o
                0x080003a0                DS1307_SetDate
 .text.DS1307_SetYear
                0x080003c4       0x54 ./Core/Src/main.o
                0x080003c4                DS1307_SetYear
 .text.DS1307_SetHour
                0x08000418       0x24 ./Core/Src/main.o
                0x08000418                DS1307_SetHour
 .text.DS1307_SetMin
                0x0800043c       0x24 ./Core/Src/main.o
                0x0800043c                DS1307_SetMin
 .text.DS1307_SetSec
                0x08000460       0x32 ./Core/Src/main.o
                0x08000460                DS1307_SetSec
 .text.DS1307_SetTimeZone
                0x08000492       0x2c ./Core/Src/main.o
                0x08000492                DS1307_SetTimeZone
 .text.DS1307_DecodeBCD
                0x080004be       0x30 ./Core/Src/main.o
                0x080004be                DS1307_DecodeBCD
 *fill*         0x080004ee        0x2 
 .text.DS1307_EncodeBCD
                0x080004f0       0x44 ./Core/Src/main.o
                0x080004f0                DS1307_EncodeBCD
 .text.main     0x08000534      0x150 ./Core/Src/main.o
                0x08000534                main
 .text.SystemClock_Config
                0x08000684       0xb4 ./Core/Src/main.o
                0x08000684                SystemClock_Config
 .text.MX_I2C1_Init
                0x08000738       0x5c ./Core/Src/main.o
 .text.MX_GPIO_Init
                0x08000794       0x5c ./Core/Src/main.o
 .text.Error_Handler
                0x080007f0        0xc ./Core/Src/main.o
                0x080007f0                Error_Handler
 .text.HAL_MspInit
                0x080007fc       0x64 ./Core/Src/stm32f1xx_hal_msp.o
                0x080007fc                HAL_MspInit
 .text.HAL_I2C_MspInit
                0x08000860       0x7c ./Core/Src/stm32f1xx_hal_msp.o
                0x08000860                HAL_I2C_MspInit
 .text.NMI_Handler
                0x080008dc        0x8 ./Core/Src/stm32f1xx_it.o
                0x080008dc                NMI_Handler
 .text.HardFault_Handler
                0x080008e4        0x8 ./Core/Src/stm32f1xx_it.o
                0x080008e4                HardFault_Handler
 .text.MemManage_Handler
                0x080008ec        0x8 ./Core/Src/stm32f1xx_it.o
                0x080008ec                MemManage_Handler
 .text.BusFault_Handler
                0x080008f4        0x8 ./Core/Src/stm32f1xx_it.o
                0x080008f4                BusFault_Handler
 .text.UsageFault_Handler
                0x080008fc        0x8 ./Core/Src/stm32f1xx_it.o
                0x080008fc                UsageFault_Handler
 .text.SVC_Handler
                0x08000904        0xc ./Core/Src/stm32f1xx_it.o
                0x08000904                SVC_Handler
 .text.DebugMon_Handler
                0x08000910        0xc ./Core/Src/stm32f1xx_it.o
                0x08000910                DebugMon_Handler
 .text.PendSV_Handler
                0x0800091c        0xc ./Core/Src/stm32f1xx_it.o
                0x0800091c                PendSV_Handler
 .text.SysTick_Handler
                0x08000928        0xc ./Core/Src/stm32f1xx_it.o
                0x08000928                SysTick_Handler
 .text.USB_LP_CAN1_RX0_IRQHandler
                0x08000934       0x14 ./Core/Src/stm32f1xx_it.o
                0x08000934                USB_LP_CAN1_RX0_IRQHandler
 .text._sbrk    0x08000948       0x6c ./Core/Src/sysmem.o
                0x08000948                _sbrk
 .text.SystemInit
                0x080009b4        0xc ./Core/Src/system_stm32f1xx.o
                0x080009b4                SystemInit
 .text.Reset_Handler
                0x080009c0       0x48 ./Core/Startup/startup_stm32f103c8tx.o
                0x080009c0                Reset_Handler
 .text.Default_Handler
                0x08000a08        0x2 ./Core/Startup/startup_stm32f103c8tx.o
                0x08000a08                RTC_Alarm_IRQHandler
                0x08000a08                EXTI2_IRQHandler
                0x08000a08                TIM1_CC_IRQHandler
                0x08000a08                PVD_IRQHandler
                0x08000a08                EXTI3_IRQHandler
                0x08000a08                EXTI0_IRQHandler
                0x08000a08                I2C2_EV_IRQHandler
                0x08000a08                ADC1_2_IRQHandler
                0x08000a08                SPI1_IRQHandler
                0x08000a08                TAMPER_IRQHandler
                0x08000a08                DMA1_Channel4_IRQHandler
                0x08000a08                USART3_IRQHandler
                0x08000a08                RTC_IRQHandler
                0x08000a08                DMA1_Channel7_IRQHandler
                0x08000a08                CAN1_RX1_IRQHandler
                0x08000a08                TIM4_IRQHandler
                0x08000a08                I2C1_EV_IRQHandler
                0x08000a08                DMA1_Channel6_IRQHandler
                0x08000a08                TIM3_IRQHandler
                0x08000a08                RCC_IRQHandler
                0x08000a08                TIM1_TRG_COM_IRQHandler
                0x08000a08                DMA1_Channel1_IRQHandler
                0x08000a08                Default_Handler
                0x08000a08                EXTI15_10_IRQHandler
                0x08000a08                EXTI9_5_IRQHandler
                0x08000a08                SPI2_IRQHandler
                0x08000a08                DMA1_Channel5_IRQHandler
                0x08000a08                EXTI4_IRQHandler
                0x08000a08                USB_HP_CAN1_TX_IRQHandler
                0x08000a08                DMA1_Channel3_IRQHandler
                0x08000a08                TIM1_UP_IRQHandler
                0x08000a08                WWDG_IRQHandler
                0x08000a08                TIM2_IRQHandler
                0x08000a08                TIM1_BRK_IRQHandler
                0x08000a08                EXTI1_IRQHandler
                0x08000a08                USART2_IRQHandler
                0x08000a08                I2C2_ER_IRQHandler
                0x08000a08                DMA1_Channel2_IRQHandler
                0x08000a08                CAN1_SCE_IRQHandler
                0x08000a08                FLASH_IRQHandler
                0x08000a08                USART1_IRQHandler
                0x08000a08                I2C1_ER_IRQHandler
                0x08000a08                USBWakeUp_IRQHandler
 *fill*         0x08000a0a        0x2 
 .text.HAL_Init
                0x08000a0c       0x2c ./Drivers/STM32F1xx_HAL_Driver/Src/stm32f1xx_hal.o
                0x08000a0c                HAL_Init
 .text.HAL_InitTick
                0x08000a38       0x60 ./Drivers/STM32F1xx_HAL_Driver/Src/stm32f1xx_hal.o
                0x08000a38                HAL_InitTick
 .text.HAL_IncTick
                0x08000a98       0x24 ./Drivers/STM32F1xx_HAL_Driver/Src/stm32f1xx_hal.o
                0x08000a98                HAL_IncTick
 .text.HAL_GetTick
                0x08000abc       0x14 ./Drivers/STM32F1xx_HAL_Driver/Src/stm32f1xx_hal.o
                0x08000abc                HAL_GetTick
 .text.HAL_Delay
                0x08000ad0       0x48 ./Drivers/STM32F1xx_HAL_Driver/Src/stm32f1xx_hal.o
                0x08000ad0                HAL_Delay
 .text.__NVIC_SetPriorityGrouping
                0x08000b18       0x48 ./Drivers/STM32F1xx_HAL_Driver/Src/stm32f1xx_hal_cortex.o
 .text.__NVIC_GetPriorityGrouping
                0x08000b60       0x1c ./Drivers/STM32F1xx_HAL_Driver/Src/stm32f1xx_hal_cortex.o
 .text.__NVIC_EnableIRQ
                0x08000b7c       0x38 ./Drivers/STM32F1xx_HAL_Driver/Src/stm32f1xx_hal_cortex.o
 .text.__NVIC_SetPriority
                0x08000bb4       0x54 ./Drivers/STM32F1xx_HAL_Driver/Src/stm32f1xx_hal_cortex.o
 .text.NVIC_EncodePriority
                0x08000c08       0x64 ./Drivers/STM32F1xx_HAL_Driver/Src/stm32f1xx_hal_cortex.o
 .text.SysTick_Config
                0x08000c6c       0x44 ./Drivers/STM32F1xx_HAL_Driver/Src/stm32f1xx_hal_cortex.o
 .text.HAL_NVIC_SetPriorityGrouping
                0x08000cb0       0x16 ./Drivers/STM32F1xx_HAL_Driver/Src/stm32f1xx_hal_cortex.o
                0x08000cb0                HAL_NVIC_SetPriorityGrouping
 .text.HAL_NVIC_SetPriority
                0x08000cc6       0x38 ./Drivers/STM32F1xx_HAL_Driver/Src/stm32f1xx_hal_cortex.o
                0x08000cc6                HAL_NVIC_SetPriority
 .text.HAL_NVIC_EnableIRQ
                0x08000cfe       0x1c ./Drivers/STM32F1xx_HAL_Driver/Src/stm32f1xx_hal_cortex.o
                0x08000cfe                HAL_NVIC_EnableIRQ
 .text.HAL_SYSTICK_Config
                0x08000d1a       0x18 ./Drivers/STM32F1xx_HAL_Driver/Src/stm32f1xx_hal_cortex.o
                0x08000d1a                HAL_SYSTICK_Config
 *fill*         0x08000d32        0x2 
 .text.HAL_GPIO_Init
                0x08000d34      0x308 ./Drivers/STM32F1xx_HAL_Driver/Src/stm32f1xx_hal_gpio.o
                0x08000d34                HAL_GPIO_Init
 .text.HAL_I2C_Init
                0x0800103c      0x288 ./Drivers/STM32F1xx_HAL_Driver/Src/stm32f1xx_hal_i2c.o
                0x0800103c                HAL_I2C_Init
 .text.HAL_I2C_Master_Transmit
                0x080012c4      0x1fc ./Drivers/STM32F1xx_HAL_Driver/Src/stm32f1xx_hal_i2c.o
                0x080012c4                HAL_I2C_Master_Transmit
 .text.HAL_I2C_Master_Receive
                0x080014c0      0x4d8 ./Drivers/STM32F1xx_HAL_Driver/Src/stm32f1xx_hal_i2c.o
                0x080014c0                HAL_I2C_Master_Receive
 .text.I2C_MasterRequestWrite
                0x08001998      0x104 ./Drivers/STM32F1xx_HAL_Driver/Src/stm32f1xx_hal_i2c.o
 .text.I2C_MasterRequestRead
                0x08001a9c      0x19c ./Drivers/STM32F1xx_HAL_Driver/Src/stm32f1xx_hal_i2c.o
 .text.I2C_WaitOnFlagUntilTimeout
                0x08001c38       0xf4 ./Drivers/STM32F1xx_HAL_Driver/Src/stm32f1xx_hal_i2c.o
 .text.I2C_WaitOnMasterAddressFlagUntilTimeout
                0x08001d2c      0x140 ./Drivers/STM32F1xx_HAL_Driver/Src/stm32f1xx_hal_i2c.o
 .text.I2C_WaitOnTXEFlagUntilTimeout
                0x08001e6c       0x90 ./Drivers/STM32F1xx_HAL_Driver/Src/stm32f1xx_hal_i2c.o
 .text.I2C_WaitOnBTFFlagUntilTimeout
                0x08001efc       0x90 ./Drivers/STM32F1xx_HAL_Driver/Src/stm32f1xx_hal_i2c.o
 .text.I2C_WaitOnRXNEFlagUntilTimeout
                0x08001f8c       0xba ./Drivers/STM32F1xx_HAL_Driver/Src/stm32f1xx_hal_i2c.o
 .text.I2C_IsAcknowledgeFailed
                0x08002046       0x5c ./Drivers/STM32F1xx_HAL_Driver/Src/stm32f1xx_hal_i2c.o
 .text.HAL_PCD_Init
                0x080020a2      0x1fe ./Drivers/STM32F1xx_HAL_Driver/Src/stm32f1xx_hal_pcd.o
                0x080020a2                HAL_PCD_Init
 .text.HAL_PCD_Start
                0x080022a0       0x4c ./Drivers/STM32F1xx_HAL_Driver/Src/stm32f1xx_hal_pcd.o
                0x080022a0                HAL_PCD_Start
 .text.HAL_PCD_IRQHandler
                0x080022ec      0x260 ./Drivers/STM32F1xx_HAL_Driver/Src/stm32f1xx_hal_pcd.o
                0x080022ec                HAL_PCD_IRQHandler
 .text.HAL_PCD_SetAddress
                0x0800254c       0x4a ./Drivers/STM32F1xx_HAL_Driver/Src/stm32f1xx_hal_pcd.o
                0x0800254c                HAL_PCD_SetAddress
 .text.HAL_PCD_EP_Open
                0x08002596       0xba ./Drivers/STM32F1xx_HAL_Driver/Src/stm32f1xx_hal_pcd.o
                0x08002596                HAL_PCD_EP_Open
 .text.HAL_PCD_EP_Close
                0x08002650       0x90 ./Drivers/STM32F1xx_HAL_Driver/Src/stm32f1xx_hal_pcd.o
                0x08002650                HAL_PCD_EP_Close
 .text.HAL_PCD_EP_Receive
                0x080026e0       0x62 ./Drivers/STM32F1xx_HAL_Driver/Src/stm32f1xx_hal_pcd.o
                0x080026e0                HAL_PCD_EP_Receive
 .text.HAL_PCD_EP_GetRxCount
                0x08002742       0x2e ./Drivers/STM32F1xx_HAL_Driver/Src/stm32f1xx_hal_pcd.o
                0x08002742                HAL_PCD_EP_GetRxCount
 .text.HAL_PCD_EP_Transmit
                0x08002770       0x6e ./Drivers/STM32F1xx_HAL_Driver/Src/stm32f1xx_hal_pcd.o
                0x08002770                HAL_PCD_EP_Transmit
 .text.HAL_PCD_EP_SetStall
                0x080027de       0xc0 ./Drivers/STM32F1xx_HAL_Driver/Src/stm32f1xx_hal_pcd.o
                0x080027de                HAL_PCD_EP_SetStall
 .text.HAL_PCD_EP_ClrStall
                0x0800289e       0xa8 ./Drivers/STM32F1xx_HAL_Driver/Src/stm32f1xx_hal_pcd.o
                0x0800289e                HAL_PCD_EP_ClrStall
 .text.PCD_EP_ISR_Handler
                0x08002946      0x7a4 ./Drivers/STM32F1xx_HAL_Driver/Src/stm32f1xx_hal_pcd.o
 .text.HAL_PCD_EP_DB_Receive
                0x080030ea      0x21a ./Drivers/STM32F1xx_HAL_Driver/Src/stm32f1xx_hal_pcd.o
 .text.HAL_PCD_EP_DB_Transmit
                0x08003304      0x7f4 ./Drivers/STM32F1xx_HAL_Driver/Src/stm32f1xx_hal_pcd.o
 .text.HAL_PCDEx_PMAConfig
                0x08003af8       0x84 ./Drivers/STM32F1xx_HAL_Driver/Src/stm32f1xx_hal_pcd_ex.o
                0x08003af8                HAL_PCDEx_PMAConfig
 .text.HAL_RCC_OscConfig
                0x08003b7c      0x504 ./Drivers/STM32F1xx_HAL_Driver/Src/stm32f1xx_hal_rcc.o
                0x08003b7c                HAL_RCC_OscConfig
 .text.HAL_RCC_ClockConfig
                0x08004080      0x1d4 ./Drivers/STM32F1xx_HAL_Driver/Src/stm32f1xx_hal_rcc.o
                0x08004080                HAL_RCC_ClockConfig
 .text.HAL_RCC_GetSysClockFreq
                0x08004254       0xa8 ./Drivers/STM32F1xx_HAL_Driver/Src/stm32f1xx_hal_rcc.o
                0x08004254                HAL_RCC_GetSysClockFreq
 .text.HAL_RCC_GetHCLKFreq
                0x080042fc       0x14 ./Drivers/STM32F1xx_HAL_Driver/Src/stm32f1xx_hal_rcc.o
                0x080042fc                HAL_RCC_GetHCLKFreq
 .text.HAL_RCC_GetPCLK1Freq
                0x08004310       0x28 ./Drivers/STM32F1xx_HAL_Driver/Src/stm32f1xx_hal_rcc.o
                0x08004310                HAL_RCC_GetPCLK1Freq
 .text.RCC_Delay
                0x08004338       0x3c ./Drivers/STM32F1xx_HAL_Driver/Src/stm32f1xx_hal_rcc.o
 .text.HAL_RCCEx_PeriphCLKConfig
                0x08004374      0x16c ./Drivers/STM32F1xx_HAL_Driver/Src/stm32f1xx_hal_rcc_ex.o
                0x08004374                HAL_RCCEx_PeriphCLKConfig
 .text.USB_CoreInit
                0x080044e0       0x20 ./Drivers/STM32F1xx_HAL_Driver/Src/stm32f1xx_ll_usb.o
                0x080044e0                USB_CoreInit
 .text.USB_EnableGlobalInt
                0x08004500       0x2c ./Drivers/STM32F1xx_HAL_Driver/Src/stm32f1xx_ll_usb.o
                0x08004500                USB_EnableGlobalInt
 .text.USB_DisableGlobalInt
                0x0800452c       0x34 ./Drivers/STM32F1xx_HAL_Driver/Src/stm32f1xx_ll_usb.o
                0x0800452c                USB_DisableGlobalInt
 .text.USB_SetCurrentMode
                0x08004560       0x18 ./Drivers/STM32F1xx_HAL_Driver/Src/stm32f1xx_ll_usb.o
                0x08004560                USB_SetCurrentMode
 .text.USB_DevInit
                0x08004578       0x40 ./Drivers/STM32F1xx_HAL_Driver/Src/stm32f1xx_ll_usb.o
                0x08004578                USB_DevInit
 .text.USB_ActivateEndpoint
                0x080045b8      0x780 ./Drivers/STM32F1xx_HAL_Driver/Src/stm32f1xx_ll_usb.o
                0x080045b8                USB_ActivateEndpoint
 .text.USB_DeactivateEndpoint
                0x08004d38      0x3d8 ./Drivers/STM32F1xx_HAL_Driver/Src/stm32f1xx_ll_usb.o
                0x08004d38                USB_DeactivateEndpoint
 .text.USB_EPStartXfer
                0x08005110     0x1762 ./Drivers/STM32F1xx_HAL_Driver/Src/stm32f1xx_ll_usb.o
                0x08005110                USB_EPStartXfer
 .text.USB_EPSetStall
                0x08006872       0xa0 ./Drivers/STM32F1xx_HAL_Driver/Src/stm32f1xx_ll_usb.o
                0x08006872                USB_EPSetStall
 .text.USB_EPClearStall
                0x08006912      0x15a ./Drivers/STM32F1xx_HAL_Driver/Src/stm32f1xx_ll_usb.o
                0x08006912                USB_EPClearStall
 .text.USB_SetDevAddress
                0x08006a6c       0x26 ./Drivers/STM32F1xx_HAL_Driver/Src/stm32f1xx_ll_usb.o
                0x08006a6c                USB_SetDevAddress
 .text.USB_DevConnect
                0x08006a92       0x14 ./Drivers/STM32F1xx_HAL_Driver/Src/stm32f1xx_ll_usb.o
                0x08006a92                USB_DevConnect
 .text.USB_DevDisconnect
                0x08006aa6       0x14 ./Drivers/STM32F1xx_HAL_Driver/Src/stm32f1xx_ll_usb.o
                0x08006aa6                USB_DevDisconnect
 .text.USB_ReadInterrupts
                0x08006aba       0x1e ./Drivers/STM32F1xx_HAL_Driver/Src/stm32f1xx_ll_usb.o
                0x08006aba                USB_ReadInterrupts
 .text.USB_EP0_OutStart
                0x08006ad8       0x16 ./Drivers/STM32F1xx_HAL_Driver/Src/stm32f1xx_ll_usb.o
                0x08006ad8                USB_EP0_OutStart
 .text.USB_WritePMA
                0x08006aee       0x8a ./Drivers/STM32F1xx_HAL_Driver/Src/stm32f1xx_ll_usb.o
                0x08006aee                USB_WritePMA
 .text.USB_ReadPMA
                0x08006b78       0x9e ./Drivers/STM32F1xx_HAL_Driver/Src/stm32f1xx_ll_usb.o
                0x08006b78                USB_ReadPMA
 .text.USBD_CDC_Init
                0x08006c16       0xf4 ./Middlewares/ST/STM32_USB_Device_Library/Class/CDC/Src/usbd_cdc.o
 .text.USBD_CDC_DeInit
                0x08006d0a       0x6e ./Middlewares/ST/STM32_USB_Device_Library/Class/CDC/Src/usbd_cdc.o
 .text.USBD_CDC_Setup
                0x08006d78      0x146 ./Middlewares/ST/STM32_USB_Device_Library/Class/CDC/Src/usbd_cdc.o
 .text.USBD_CDC_DataIn
                0x08006ebe       0xa6 ./Middlewares/ST/STM32_USB_Device_Library/Class/CDC/Src/usbd_cdc.o
 .text.USBD_CDC_DataOut
                0x08006f64       0x56 ./Middlewares/ST/STM32_USB_Device_Library/Class/CDC/Src/usbd_cdc.o
 .text.USBD_CDC_EP0_RxReady
                0x08006fba       0x4e ./Middlewares/ST/STM32_USB_Device_Library/Class/CDC/Src/usbd_cdc.o
 .text.USBD_CDC_GetFSCfgDesc
                0x08007008       0x20 ./Middlewares/ST/STM32_USB_Device_Library/Class/CDC/Src/usbd_cdc.o
 .text.USBD_CDC_GetHSCfgDesc
                0x08007028       0x20 ./Middlewares/ST/STM32_USB_Device_Library/Class/CDC/Src/usbd_cdc.o
 .text.USBD_CDC_GetOtherSpeedCfgDesc
                0x08007048       0x20 ./Middlewares/ST/STM32_USB_Device_Library/Class/CDC/Src/usbd_cdc.o
 .text.USBD_CDC_GetDeviceQualifierDescriptor
                0x08007068       0x20 ./Middlewares/ST/STM32_USB_Device_Library/Class/CDC/Src/usbd_cdc.o
                0x08007068                USBD_CDC_GetDeviceQualifierDescriptor
 .text.USBD_CDC_RegisterInterface
                0x08007088       0x2c ./Middlewares/ST/STM32_USB_Device_Library/Class/CDC/Src/usbd_cdc.o
                0x08007088                USBD_CDC_RegisterInterface
 .text.USBD_CDC_SetTxBuffer
                0x080070b4       0x32 ./Middlewares/ST/STM32_USB_Device_Library/Class/CDC/Src/usbd_cdc.o
                0x080070b4                USBD_CDC_SetTxBuffer
 .text.USBD_CDC_SetRxBuffer
                0x080070e6       0x26 ./Middlewares/ST/STM32_USB_Device_Library/Class/CDC/Src/usbd_cdc.o
                0x080070e6                USBD_CDC_SetRxBuffer
 .text.USBD_CDC_TransmitPacket
                0x0800710c       0x5e ./Middlewares/ST/STM32_USB_Device_Library/Class/CDC/Src/usbd_cdc.o
                0x0800710c                USBD_CDC_TransmitPacket
 .text.USBD_CDC_ReceivePacket
                0x0800716a       0x54 ./Middlewares/ST/STM32_USB_Device_Library/Class/CDC/Src/usbd_cdc.o
                0x0800716a                USBD_CDC_ReceivePacket
 .text.USBD_Init
                0x080071be       0x56 ./Middlewares/ST/STM32_USB_Device_Library/Core/Src/usbd_core.o
                0x080071be                USBD_Init
 .text.USBD_RegisterClass
                0x08007214       0x32 ./Middlewares/ST/STM32_USB_Device_Library/Core/Src/usbd_core.o
                0x08007214                USBD_RegisterClass
 .text.USBD_Start
                0x08007246       0x18 ./Middlewares/ST/STM32_USB_Device_Library/Core/Src/usbd_core.o
                0x08007246                USBD_Start
 .text.USBD_RunTestMode
                0x0800725e       0x14 ./Middlewares/ST/STM32_USB_Device_Library/Core/Src/usbd_core.o
                0x0800725e                USBD_RunTestMode
 .text.USBD_SetClassConfig
                0x08007272       0x3e ./Middlewares/ST/STM32_USB_Device_Library/Core/Src/usbd_core.o
                0x08007272                USBD_SetClassConfig
 .text.USBD_ClrClassConfig
                0x080072b0       0x26 ./Middlewares/ST/STM32_USB_Device_Library/Core/Src/usbd_core.o
                0x080072b0                USBD_ClrClassConfig
 .text.USBD_LL_SetupStage
                0x080072d6       0x9a ./Middlewares/ST/STM32_USB_Device_Library/Core/Src/usbd_core.o
                0x080072d6                USBD_LL_SetupStage
 .text.USBD_LL_DataOutStage
                0x08007370       0xe2 ./Middlewares/ST/STM32_USB_Device_Library/Core/Src/usbd_core.o
                0x08007370                USBD_LL_DataOutStage
 .text.USBD_LL_DataInStage
                0x08007452      0x14a ./Middlewares/ST/STM32_USB_Device_Library/Core/Src/usbd_core.o
                0x08007452                USBD_LL_DataInStage
 .text.USBD_LL_Reset
                0x0800759c       0x82 ./Middlewares/ST/STM32_USB_Device_Library/Core/Src/usbd_core.o
                0x0800759c                USBD_LL_Reset
 .text.USBD_LL_SetSpeed
                0x0800761e       0x1e ./Middlewares/ST/STM32_USB_Device_Library/Core/Src/usbd_core.o
                0x0800761e                USBD_LL_SetSpeed
 .text.USBD_LL_Suspend
                0x0800763c       0x28 ./Middlewares/ST/STM32_USB_Device_Library/Core/Src/usbd_core.o
                0x0800763c                USBD_LL_Suspend
 .text.USBD_LL_Resume
                0x08007664       0x2a ./Middlewares/ST/STM32_USB_Device_Library/Core/Src/usbd_core.o
                0x08007664                USBD_LL_Resume
 .text.USBD_LL_SOF
                0x0800768e       0x34 ./Middlewares/ST/STM32_USB_Device_Library/Core/Src/usbd_core.o
                0x0800768e                USBD_LL_SOF
 *fill*         0x080076c2        0x2 
 .text.USBD_StdDevReq
                0x080076c4       0xd4 ./Middlewares/ST/STM32_USB_Device_Library/Core/Src/usbd_ctlreq.o
                0x080076c4                USBD_StdDevReq
 .text.USBD_StdItfReq
                0x08007798       0x90 ./Middlewares/ST/STM32_USB_Device_Library/Core/Src/usbd_ctlreq.o
                0x08007798                USBD_StdItfReq
 .text.USBD_StdEPReq
                0x08007828      0x2c6 ./Middlewares/ST/STM32_USB_Device_Library/Core/Src/usbd_ctlreq.o
                0x08007828                USBD_StdEPReq
 *fill*         0x08007aee        0x2 
 .text.USBD_GetDescriptor
                0x08007af0      0x2d0 ./Middlewares/ST/STM32_USB_Device_Library/Core/Src/usbd_ctlreq.o
 .text.USBD_SetAddress
                0x08007dc0       0x86 ./Middlewares/ST/STM32_USB_Device_Library/Core/Src/usbd_ctlreq.o
 *fill*         0x08007e46        0x2 
 .text.USBD_SetConfig
                0x08007e48      0x11c ./Middlewares/ST/STM32_USB_Device_Library/Core/Src/usbd_ctlreq.o
 .text.USBD_GetConfig
                0x08007f64       0x6a ./Middlewares/ST/STM32_USB_Device_Library/Core/Src/usbd_ctlreq.o
 .text.USBD_GetStatus
                0x08007fce       0x66 ./Middlewares/ST/STM32_USB_Device_Library/Core/Src/usbd_ctlreq.o
 .text.USBD_SetFeature
                0x08008034       0x28 ./Middlewares/ST/STM32_USB_Device_Library/Core/Src/usbd_ctlreq.o
 .text.USBD_ClrFeature
                0x0800805c       0x42 ./Middlewares/ST/STM32_USB_Device_Library/Core/Src/usbd_ctlreq.o
 .text.USBD_ParseSetupRequest
                0x0800809e       0x72 ./Middlewares/ST/STM32_USB_Device_Library/Core/Src/usbd_ctlreq.o
                0x0800809e                USBD_ParseSetupRequest
 .text.USBD_CtlError
                0x08008110       0x22 ./Middlewares/ST/STM32_USB_Device_Library/Core/Src/usbd_ctlreq.o
                0x08008110                USBD_CtlError
 .text.USBD_GetString
                0x08008132       0x84 ./Middlewares/ST/STM32_USB_Device_Library/Core/Src/usbd_ctlreq.o
                0x08008132                USBD_GetString
 .text.USBD_GetLen
                0x080081b6       0x2e ./Middlewares/ST/STM32_USB_Device_Library/Core/Src/usbd_ctlreq.o
 .text.USBD_CtlSendData
                0x080081e4       0x38 ./Middlewares/ST/STM32_USB_Device_Library/Core/Src/usbd_ioreq.o
                0x080081e4                USBD_CtlSendData
 .text.USBD_CtlContinueSendData
                0x0800821c       0x24 ./Middlewares/ST/STM32_USB_Device_Library/Core/Src/usbd_ioreq.o
                0x0800821c                USBD_CtlContinueSendData
 .text.USBD_CtlPrepareRx
                0x08008240       0x3c ./Middlewares/ST/STM32_USB_Device_Library/Core/Src/usbd_ioreq.o
                0x08008240                USBD_CtlPrepareRx
 .text.USBD_CtlContinueRx
                0x0800827c       0x24 ./Middlewares/ST/STM32_USB_Device_Library/Core/Src/usbd_ioreq.o
                0x0800827c                USBD_CtlContinueRx
 .text.USBD_CtlSendStatus
                0x080082a0       0x26 ./Middlewares/ST/STM32_USB_Device_Library/Core/Src/usbd_ioreq.o
                0x080082a0                USBD_CtlSendStatus
 .text.USBD_CtlReceiveStatus
                0x080082c6       0x26 ./Middlewares/ST/STM32_USB_Device_Library/Core/Src/usbd_ioreq.o
                0x080082c6                USBD_CtlReceiveStatus
 .text.MX_USB_DEVICE_Init
                0x080082ec       0x60 ./USB_DEVICE/App/usb_device.o
                0x080082ec                MX_USB_DEVICE_Init
 .text.CDC_Init_FS
                0x0800834c       0x28 ./USB_DEVICE/App/usbd_cdc_if.o
 .text.CDC_DeInit_FS
                0x08008374        0xe ./USB_DEVICE/App/usbd_cdc_if.o
 *fill*         0x08008382        0x2 
 .text.CDC_Control_FS
                0x08008384       0xbc ./USB_DEVICE/App/usbd_cdc_if.o
 .text.CDC_Receive_FS
                0x08008440       0x28 ./USB_DEVICE/App/usbd_cdc_if.o
 .text.CDC_Transmit_FS
                0x08008468       0x4c ./USB_DEVICE/App/usbd_cdc_if.o
                0x08008468                CDC_Transmit_FS
 .text.USBD_FS_DeviceDescriptor
                0x080084b4       0x24 ./USB_DEVICE/App/usbd_desc.o
                0x080084b4                USBD_FS_DeviceDescriptor
 .text.USBD_FS_LangIDStrDescriptor
                0x080084d8       0x24 ./USB_DEVICE/App/usbd_desc.o
                0x080084d8                USBD_FS_LangIDStrDescriptor
 .text.USBD_FS_ProductStrDescriptor
                0x080084fc       0x3c ./USB_DEVICE/App/usbd_desc.o
                0x080084fc                USBD_FS_ProductStrDescriptor
 .text.USBD_FS_ManufacturerStrDescriptor
                0x08008538       0x28 ./USB_DEVICE/App/usbd_desc.o
                0x08008538                USBD_FS_ManufacturerStrDescriptor
 .text.USBD_FS_SerialStrDescriptor
                0x08008560       0x24 ./USB_DEVICE/App/usbd_desc.o
                0x08008560                USBD_FS_SerialStrDescriptor
 .text.USBD_FS_ConfigStrDescriptor
                0x08008584       0x3c ./USB_DEVICE/App/usbd_desc.o
                0x08008584                USBD_FS_ConfigStrDescriptor
 .text.USBD_FS_InterfaceStrDescriptor
                0x080085c0       0x3c ./USB_DEVICE/App/usbd_desc.o
                0x080085c0                USBD_FS_InterfaceStrDescriptor
 .text.Get_SerialNum
                0x080085fc       0x38 ./USB_DEVICE/App/usbd_desc.o
 .text.IntToUnicode
                0x08008634       0x7c ./USB_DEVICE/App/usbd_desc.o
 .text.HAL_PCD_MspInit
                0x080086b0       0x4c ./USB_DEVICE/Target/usbd_conf.o
                0x080086b0                HAL_PCD_MspInit
 .text.HAL_PCD_SetupStageCallback
                0x080086fc       0x24 ./USB_DEVICE/Target/usbd_conf.o
                0x080086fc                HAL_PCD_SetupStageCallback
 .text.HAL_PCD_DataOutStageCallback
                0x08008720       0x36 ./USB_DEVICE/Target/usbd_conf.o
                0x08008720                HAL_PCD_DataOutStageCallback
 .text.HAL_PCD_DataInStageCallback
                0x08008756       0x34 ./USB_DEVICE/Target/usbd_conf.o
                0x08008756                HAL_PCD_DataInStageCallback
 .text.HAL_PCD_SOFCallback
                0x0800878a       0x1c ./USB_DEVICE/Target/usbd_conf.o
                0x0800878a                HAL_PCD_SOFCallback
 .text.HAL_PCD_ResetCallback
                0x080087a6       0x3c ./USB_DEVICE/Target/usbd_conf.o
                0x080087a6                HAL_PCD_ResetCallback
 *fill*         0x080087e2        0x2 
 .text.HAL_PCD_SuspendCallback
                0x080087e4       0x34 ./USB_DEVICE/Target/usbd_conf.o
                0x080087e4                HAL_PCD_SuspendCallback
 .text.HAL_PCD_ResumeCallback
                0x08008818       0x1c ./USB_DEVICE/Target/usbd_conf.o
                0x08008818                HAL_PCD_ResumeCallback
 .text.USBD_LL_Init
                0x08008834       0xb4 ./USB_DEVICE/Target/usbd_conf.o
                0x08008834                USBD_LL_Init
 .text.USBD_LL_Start
                0x080088e8       0x36 ./USB_DEVICE/Target/usbd_conf.o
                0x080088e8                USBD_LL_Start
 .text.USBD_LL_OpenEP
                0x0800891e       0x4c ./USB_DEVICE/Target/usbd_conf.o
                0x0800891e                USBD_LL_OpenEP
 .text.USBD_LL_CloseEP
                0x0800896a       0x3e ./USB_DEVICE/Target/usbd_conf.o
                0x0800896a                USBD_LL_CloseEP
 .text.USBD_LL_StallEP
                0x080089a8       0x3e ./USB_DEVICE/Target/usbd_conf.o
                0x080089a8                USBD_LL_StallEP
 .text.USBD_LL_ClearStallEP
                0x080089e6       0x3e ./USB_DEVICE/Target/usbd_conf.o
                0x080089e6                USBD_LL_ClearStallEP
 .text.USBD_LL_IsStallEP
                0x08008a24       0x58 ./USB_DEVICE/Target/usbd_conf.o
                0x08008a24                USBD_LL_IsStallEP
 .text.USBD_LL_SetUSBAddress
                0x08008a7c       0x3e ./USB_DEVICE/Target/usbd_conf.o
                0x08008a7c                USBD_LL_SetUSBAddress
 .text.USBD_LL_Transmit
                0x08008aba       0x46 ./USB_DEVICE/Target/usbd_conf.o
                0x08008aba                USBD_LL_Transmit
 .text.USBD_LL_PrepareReceive
                0x08008b00       0x46 ./USB_DEVICE/Target/usbd_conf.o
                0x08008b00                USBD_LL_PrepareReceive
 .text.USBD_LL_GetRxDataSize
                0x08008b46       0x26 ./USB_DEVICE/Target/usbd_conf.o
                0x08008b46                USBD_LL_GetRxDataSize
 .text.USBD_static_malloc
                0x08008b6c       0x18 ./USB_DEVICE/Target/usbd_conf.o
                0x08008b6c                USBD_static_malloc
 .text.USBD_static_free
                0x08008b84       0x12 ./USB_DEVICE/Target/usbd_conf.o
                0x08008b84                USBD_static_free
 .text.HAL_PCDEx_SetConnectionState
                0x08008b96       0x16 ./USB_DEVICE/Target/usbd_conf.o
                0x08008b96                HAL_PCDEx_SetConnectionState
 .text.USBD_Get_USB_Status
                0x08008bac       0x58 ./USB_DEVICE/Target/usbd_conf.o
 .text.sprintf  0x08008c04       0x40 D:/ST/STM32CubeIDE_1.15.0/STM32CubeIDE/plugins/com.st.stm32cube.ide.mcu.externaltools.gnu-tools-for-stm32.12.3.rel1.win32_1.0.100.202403111256/tools/bin/../lib/gcc/arm-none-eabi/12.3.1/../../../../arm-none-eabi/lib/thumb/v7-m/nofp\libc_nano.a(libc_a-sprintf.o)
                0x08008c04                siprintf
                0x08008c04                sprintf
 .text.memset   0x08008c44       0x10 D:/ST/STM32CubeIDE_1.15.0/STM32CubeIDE/plugins/com.st.stm32cube.ide.mcu.externaltools.gnu-tools-for-stm32.12.3.rel1.win32_1.0.100.202403111256/tools/bin/../lib/gcc/arm-none-eabi/12.3.1/../../../../arm-none-eabi/lib/thumb/v7-m/nofp\libc_nano.a(libc_a-memset.o)
                0x08008c44                memset
 .text.__errno  0x08008c54        0xc D:/ST/STM32CubeIDE_1.15.0/STM32CubeIDE/plugins/com.st.stm32cube.ide.mcu.externaltools.gnu-tools-for-stm32.12.3.rel1.win32_1.0.100.202403111256/tools/bin/../lib/gcc/arm-none-eabi/12.3.1/../../../../arm-none-eabi/lib/thumb/v7-m/nofp\libc_nano.a(libc_a-errno.o)
                0x08008c54                __errno
 .text.__libc_init_array
                0x08008c60       0x48 D:/ST/STM32CubeIDE_1.15.0/STM32CubeIDE/plugins/com.st.stm32cube.ide.mcu.externaltools.gnu-tools-for-stm32.12.3.rel1.win32_1.0.100.202403111256/tools/bin/../lib/gcc/arm-none-eabi/12.3.1/../../../../arm-none-eabi/lib/thumb/v7-m/nofp\libc_nano.a(libc_a-init.o)
                0x08008c60                __libc_init_array
 .text.__retarget_lock_acquire_recursive
                0x08008ca8        0x2 D:/ST/STM32CubeIDE_1.15.0/STM32CubeIDE/plugins/com.st.stm32cube.ide.mcu.externaltools.gnu-tools-for-stm32.12.3.rel1.win32_1.0.100.202403111256/tools/bin/../lib/gcc/arm-none-eabi/12.3.1/../../../../arm-none-eabi/lib/thumb/v7-m/nofp\libc_nano.a(libc_a-lock.o)
                0x08008ca8                __retarget_lock_acquire_recursive
 .text.__retarget_lock_release_recursive
                0x08008caa        0x2 D:/ST/STM32CubeIDE_1.15.0/STM32CubeIDE/plugins/com.st.stm32cube.ide.mcu.externaltools.gnu-tools-for-stm32.12.3.rel1.win32_1.0.100.202403111256/tools/bin/../lib/gcc/arm-none-eabi/12.3.1/../../../../arm-none-eabi/lib/thumb/v7-m/nofp\libc_nano.a(libc_a-lock.o)
                0x08008caa                __retarget_lock_release_recursive
 .text._free_r  0x08008cac       0x90 D:/ST/STM32CubeIDE_1.15.0/STM32CubeIDE/plugins/com.st.stm32cube.ide.mcu.externaltools.gnu-tools-for-stm32.12.3.rel1.win32_1.0.100.202403111256/tools/bin/../lib/gcc/arm-none-eabi/12.3.1/../../../../arm-none-eabi/lib/thumb/v7-m/nofp\libc_nano.a(libc_a-freer.o)
                0x08008cac                _free_r
 .text.sbrk_aligned
                0x08008d3c       0x44 D:/ST/STM32CubeIDE_1.15.0/STM32CubeIDE/plugins/com.st.stm32cube.ide.mcu.externaltools.gnu-tools-for-stm32.12.3.rel1.win32_1.0.100.202403111256/tools/bin/../lib/gcc/arm-none-eabi/12.3.1/../../../../arm-none-eabi/lib/thumb/v7-m/nofp\libc_nano.a(libc_a-mallocr.o)
 .text._malloc_r
                0x08008d80      0x100 D:/ST/STM32CubeIDE_1.15.0/STM32CubeIDE/plugins/com.st.stm32cube.ide.mcu.externaltools.gnu-tools-for-stm32.12.3.rel1.win32_1.0.100.202403111256/tools/bin/../lib/gcc/arm-none-eabi/12.3.1/../../../../arm-none-eabi/lib/thumb/v7-m/nofp\libc_nano.a(libc_a-mallocr.o)
                0x08008d80                _malloc_r
 .text.__malloc_lock
                0x08008e80        0xc D:/ST/STM32CubeIDE_1.15.0/STM32CubeIDE/plugins/com.st.stm32cube.ide.mcu.externaltools.gnu-tools-for-stm32.12.3.rel1.win32_1.0.100.202403111256/tools/bin/../lib/gcc/arm-none-eabi/12.3.1/../../../../arm-none-eabi/lib/thumb/v7-m/nofp\libc_nano.a(libc_a-mlock.o)
                0x08008e80                __malloc_lock
 .text.__malloc_unlock
                0x08008e8c        0xc D:/ST/STM32CubeIDE_1.15.0/STM32CubeIDE/plugins/com.st.stm32cube.ide.mcu.externaltools.gnu-tools-for-stm32.12.3.rel1.win32_1.0.100.202403111256/tools/bin/../lib/gcc/arm-none-eabi/12.3.1/../../../../arm-none-eabi/lib/thumb/v7-m/nofp\libc_nano.a(libc_a-mlock.o)
                0x08008e8c                __malloc_unlock
 .text.__ssputs_r
                0x08008e98       0xb6 D:/ST/STM32CubeIDE_1.15.0/STM32CubeIDE/plugins/com.st.stm32cube.ide.mcu.externaltools.gnu-tools-for-stm32.12.3.rel1.win32_1.0.100.202403111256/tools/bin/../lib/gcc/arm-none-eabi/12.3.1/../../../../arm-none-eabi/lib/thumb/v7-m/nofp\libc_nano.a(libc_a-nano-svfprintf.o)
                0x08008e98                __ssputs_r
 *fill*         0x08008f4e        0x2 
 .text._svfprintf_r
                0x08008f50      0x1f8 D:/ST/STM32CubeIDE_1.15.0/STM32CubeIDE/plugins/com.st.stm32cube.ide.mcu.externaltools.gnu-tools-for-stm32.12.3.rel1.win32_1.0.100.202403111256/tools/bin/../lib/gcc/arm-none-eabi/12.3.1/../../../../arm-none-eabi/lib/thumb/v7-m/nofp\libc_nano.a(libc_a-nano-svfprintf.o)
                0x08008f50                _svfiprintf_r
                0x08008f50                _svfprintf_r
 .text._printf_common
                0x08009148       0xe4 D:/ST/STM32CubeIDE_1.15.0/STM32CubeIDE/plugins/com.st.stm32cube.ide.mcu.externaltools.gnu-tools-for-stm32.12.3.rel1.win32_1.0.100.202403111256/tools/bin/../lib/gcc/arm-none-eabi/12.3.1/../../../../arm-none-eabi/lib/thumb/v7-m/nofp\libc_nano.a(libc_a-nano-vfprintf_i.o)
                0x08009148                _printf_common
 .text._printf_i
                0x0800922c      0x240 D:/ST/STM32CubeIDE_1.15.0/STM32CubeIDE/plugins/com.st.stm32cube.ide.mcu.externaltools.gnu-tools-for-stm32.12.3.rel1.win32_1.0.100.202403111256/tools/bin/../lib/gcc/arm-none-eabi/12.3.1/../../../../arm-none-eabi/lib/thumb/v7-m/nofp\libc_nano.a(libc_a-nano-vfprintf_i.o)
                0x0800922c                _printf_i
 .text.memmove  0x0800946c       0x34 D:/ST/STM32CubeIDE_1.15.0/STM32CubeIDE/plugins/com.st.stm32cube.ide.mcu.externaltools.gnu-tools-for-stm32.12.3.rel1.win32_1.0.100.202403111256/tools/bin/../lib/gcc/arm-none-eabi/12.3.1/../../../../arm-none-eabi/lib/thumb/v7-m/nofp\libc_nano.a(libc_a-memmove.o)
                0x0800946c                memmove
 .text._sbrk_r  0x080094a0       0x20 D:/ST/STM32CubeIDE_1.15.0/STM32CubeIDE/plugins/com.st.stm32cube.ide.mcu.externaltools.gnu-tools-for-stm32.12.3.rel1.win32_1.0.100.202403111256/tools/bin/../lib/gcc/arm-none-eabi/12.3.1/../../../../arm-none-eabi/lib/thumb/v7-m/nofp\libc_nano.a(libc_a-sbrkr.o)
                0x080094a0                _sbrk_r
 .text.memchr   0x080094c0       0x1c D:/ST/STM32CubeIDE_1.15.0/STM32CubeIDE/plugins/com.st.stm32cube.ide.mcu.externaltools.gnu-tools-for-stm32.12.3.rel1.win32_1.0.100.202403111256/tools/bin/../lib/gcc/arm-none-eabi/12.3.1/../../../../arm-none-eabi/lib/thumb/v7-m/nofp\libc_nano.a(libc_a-memchr-stub.o)
                0x080094c0                memchr
 .text.memcpy   0x080094dc       0x1c D:/ST/STM32CubeIDE_1.15.0/STM32CubeIDE/plugins/com.st.stm32cube.ide.mcu.externaltools.gnu-tools-for-stm32.12.3.rel1.win32_1.0.100.202403111256/tools/bin/../lib/gcc/arm-none-eabi/12.3.1/../../../../arm-none-eabi/lib/thumb/v7-m/nofp\libc_nano.a(libc_a-memcpy-stub.o)
                0x080094dc                memcpy
 .text._realloc_r
                0x080094f8       0x5c D:/ST/STM32CubeIDE_1.15.0/STM32CubeIDE/plugins/com.st.stm32cube.ide.mcu.externaltools.gnu-tools-for-stm32.12.3.rel1.win32_1.0.100.202403111256/tools/bin/../lib/gcc/arm-none-eabi/12.3.1/../../../../arm-none-eabi/lib/thumb/v7-m/nofp\libc_nano.a(libc_a-reallocr.o)
                0x080094f8                _realloc_r
 .text._malloc_usable_size_r
                0x08009554       0x10 D:/ST/STM32CubeIDE_1.15.0/STM32CubeIDE/plugins/com.st.stm32cube.ide.mcu.externaltools.gnu-tools-for-stm32.12.3.rel1.win32_1.0.100.202403111256/tools/bin/../lib/gcc/arm-none-eabi/12.3.1/../../../../arm-none-eabi/lib/thumb/v7-m/nofp\libc_nano.a(libc_a-msizer.o)
                0x08009554                _malloc_usable_size_r
 *(.glue_7)
 .glue_7        0x08009564        0x0 linker stubs
 *(.glue_7t)
 .glue_7t       0x08009564        0x0 linker stubs
 *(.eh_frame)
 .eh_frame      0x08009564        0x0 D:/ST/STM32CubeIDE_1.15.0/STM32CubeIDE/plugins/com.st.stm32cube.ide.mcu.externaltools.gnu-tools-for-stm32.12.3.rel1.win32_1.0.100.202403111256/tools/bin/../lib/gcc/arm-none-eabi/12.3.1/thumb/v7-m/nofp/crtbegin.o
 *(.init)
 .init          0x08009564        0x4 D:/ST/STM32CubeIDE_1.15.0/STM32CubeIDE/plugins/com.st.stm32cube.ide.mcu.externaltools.gnu-tools-for-stm32.12.3.rel1.win32_1.0.100.202403111256/tools/bin/../lib/gcc/arm-none-eabi/12.3.1/thumb/v7-m/nofp/crti.o
                0x08009564                _init
 .init          0x08009568        0x8 D:/ST/STM32CubeIDE_1.15.0/STM32CubeIDE/plugins/com.st.stm32cube.ide.mcu.externaltools.gnu-tools-for-stm32.12.3.rel1.win32_1.0.100.202403111256/tools/bin/../lib/gcc/arm-none-eabi/12.3.1/thumb/v7-m/nofp/crtn.o
 *(.fini)
 .fini          0x08009570        0x4 D:/ST/STM32CubeIDE_1.15.0/STM32CubeIDE/plugins/com.st.stm32cube.ide.mcu.externaltools.gnu-tools-for-stm32.12.3.rel1.win32_1.0.100.202403111256/tools/bin/../lib/gcc/arm-none-eabi/12.3.1/thumb/v7-m/nofp/crti.o
                0x08009570                _fini
 .fini          0x08009574        0x8 D:/ST/STM32CubeIDE_1.15.0/STM32CubeIDE/plugins/com.st.stm32cube.ide.mcu.externaltools.gnu-tools-for-stm32.12.3.rel1.win32_1.0.100.202403111256/tools/bin/../lib/gcc/arm-none-eabi/12.3.1/thumb/v7-m/nofp/crtn.o
                0x0800957c                        . = ALIGN (0x4)
                0x0800957c                        _etext = .

.vfp11_veneer   0x0800957c        0x0
 .vfp11_veneer  0x0800957c        0x0 linker stubs

.v4_bx          0x0800957c        0x0
 .v4_bx         0x0800957c        0x0 linker stubs

.iplt           0x0800957c        0x0
 .iplt          0x0800957c        0x0 D:/ST/STM32CubeIDE_1.15.0/STM32CubeIDE/plugins/com.st.stm32cube.ide.mcu.externaltools.gnu-tools-for-stm32.12.3.rel1.win32_1.0.100.202403111256/tools/bin/../lib/gcc/arm-none-eabi/12.3.1/thumb/v7-m/nofp/crtbegin.o

.rodata         0x0800957c      0x148
                0x0800957c                        . = ALIGN (0x4)
 *(.rodata)
 .rodata        0x0800957c       0xa0 ./Core/Src/main.o
 .rodata        0x0800961c       0x46 ./USB_DEVICE/App/usbd_desc.o
 *(.rodata*)
 *fill*         0x08009662        0x2 
 .rodata.AHBPrescTable
                0x08009664       0x10 ./Core/Src/system_stm32f1xx.o
                0x08009664                AHBPrescTable
 .rodata.APBPrescTable
                0x08009674        0x8 ./Core/Src/system_stm32f1xx.o
                0x08009674                APBPrescTable
 .rodata.aPLLMULFactorTable.1
                0x0800967c       0x10 ./Drivers/STM32F1xx_HAL_Driver/Src/stm32f1xx_hal_rcc.o
 .rodata.aPredivFactorTable.0
                0x0800968c        0x2 ./Drivers/STM32F1xx_HAL_Driver/Src/stm32f1xx_hal_rcc.o
 .rodata._svfprintf_r.str1.1
                0x0800968e       0x11 D:/ST/STM32CubeIDE_1.15.0/STM32CubeIDE/plugins/com.st.stm32cube.ide.mcu.externaltools.gnu-tools-for-stm32.12.3.rel1.win32_1.0.100.202403111256/tools/bin/../lib/gcc/arm-none-eabi/12.3.1/../../../../arm-none-eabi/lib/thumb/v7-m/nofp\libc_nano.a(libc_a-nano-svfprintf.o)
 .rodata._printf_i.str1.1
                0x0800969f       0x22 D:/ST/STM32CubeIDE_1.15.0/STM32CubeIDE/plugins/com.st.stm32cube.ide.mcu.externaltools.gnu-tools-for-stm32.12.3.rel1.win32_1.0.100.202403111256/tools/bin/../lib/gcc/arm-none-eabi/12.3.1/../../../../arm-none-eabi/lib/thumb/v7-m/nofp\libc_nano.a(libc_a-nano-vfprintf_i.o)
                0x080096c4                        . = ALIGN (0x4)
 *fill*         0x080096c1        0x3 

.ARM.extab      0x080096c4        0x0
                0x080096c4                        . = ALIGN (0x4)
 *(.ARM.extab* .gnu.linkonce.armextab.*)
                0x080096c4                        . = ALIGN (0x4)

.ARM            0x080096c4        0x8
                0x080096c4                        . = ALIGN (0x4)
                0x080096c4                        __exidx_start = .
 *(.ARM.exidx*)
 .ARM.exidx     0x080096c4        0x8 D:/ST/STM32CubeIDE_1.15.0/STM32CubeIDE/plugins/com.st.stm32cube.ide.mcu.externaltools.gnu-tools-for-stm32.12.3.rel1.win32_1.0.100.202403111256/tools/bin/../lib/gcc/arm-none-eabi/12.3.1/../../../../arm-none-eabi/lib/thumb/v7-m/nofp\libc_nano.a(libc_a-strlen.o)
                0x080096cc                        __exidx_end = .
                0x080096cc                        . = ALIGN (0x4)

.preinit_array  0x080096cc        0x0
                0x080096cc                        . = ALIGN (0x4)
                0x080096cc                        PROVIDE (__preinit_array_start = .)
 *(.preinit_array*)
                0x080096cc                        PROVIDE (__preinit_array_end = .)
                0x080096cc                        . = ALIGN (0x4)

.init_array     0x080096cc        0x4
                0x080096cc                        . = ALIGN (0x4)
                0x080096cc                        PROVIDE (__init_array_start = .)
 *(SORT_BY_NAME(.init_array.*))
 *(.init_array*)
 .init_array    0x080096cc        0x4 D:/ST/STM32CubeIDE_1.15.0/STM32CubeIDE/plugins/com.st.stm32cube.ide.mcu.externaltools.gnu-tools-for-stm32.12.3.rel1.win32_1.0.100.202403111256/tools/bin/../lib/gcc/arm-none-eabi/12.3.1/thumb/v7-m/nofp/crtbegin.o
                0x080096d0                        PROVIDE (__init_array_end = .)
                0x080096d0                        . = ALIGN (0x4)

.fini_array     0x080096d0        0x4
                0x080096d0                        . = ALIGN (0x4)
                [!provide]                        PROVIDE (__fini_array_start = .)
 *(SORT_BY_NAME(.fini_array.*))
 *(.fini_array*)
 .fini_array    0x080096d0        0x4 D:/ST/STM32CubeIDE_1.15.0/STM32CubeIDE/plugins/com.st.stm32cube.ide.mcu.externaltools.gnu-tools-for-stm32.12.3.rel1.win32_1.0.100.202403111256/tools/bin/../lib/gcc/arm-none-eabi/12.3.1/thumb/v7-m/nofp/crtbegin.o
                [!provide]                        PROVIDE (__fini_array_end = .)
                0x080096d4                        . = ALIGN (0x4)
                0x080096d4                        _sidata = LOADADDR (.data)

.rel.dyn        0x080096d4        0x0
 .rel.iplt      0x080096d4        0x0 D:/ST/STM32CubeIDE_1.15.0/STM32CubeIDE/plugins/com.st.stm32cube.ide.mcu.externaltools.gnu-tools-for-stm32.12.3.rel1.win32_1.0.100.202403111256/tools/bin/../lib/gcc/arm-none-eabi/12.3.1/thumb/v7-m/nofp/crtbegin.o

.data           0x20000000      0x1cc load address 0x080096d4
                0x20000000                        . = ALIGN (0x4)
                0x20000000                        _sdata = .
 *(.data)
 *(.data*)
 .data.SystemCoreClock
                0x20000000        0x4 ./Core/Src/system_stm32f1xx.o
                0x20000000                SystemCoreClock
 .data.uwTickPrio
                0x20000004        0x4 ./Drivers/STM32F1xx_HAL_Driver/Src/stm32f1xx_hal.o
                0x20000004                uwTickPrio
 .data.uwTickFreq
                0x20000008        0x1 ./Drivers/STM32F1xx_HAL_Driver/Src/stm32f1xx_hal.o
                0x20000008                uwTickFreq
 *fill*         0x20000009        0x3 
 .data.USBD_CDC_DeviceQualifierDesc
                0x2000000c        0xa ./Middlewares/ST/STM32_USB_Device_Library/Class/CDC/Src/usbd_cdc.o
 *fill*         0x20000016        0x2 
 .data.USBD_CDC
                0x20000018       0x38 ./Middlewares/ST/STM32_USB_Device_Library/Class/CDC/Src/usbd_cdc.o
                0x20000018                USBD_CDC
 .data.USBD_CDC_CfgHSDesc
                0x20000050       0x43 ./Middlewares/ST/STM32_USB_Device_Library/Class/CDC/Src/usbd_cdc.o
                0x20000050                USBD_CDC_CfgHSDesc
 *fill*         0x20000093        0x1 
 .data.USBD_CDC_CfgFSDesc
                0x20000094       0x43 ./Middlewares/ST/STM32_USB_Device_Library/Class/CDC/Src/usbd_cdc.o
                0x20000094                USBD_CDC_CfgFSDesc
 *fill*         0x200000d7        0x1 
 .data.USBD_CDC_OtherSpeedCfgDesc
                0x200000d8       0x43 ./Middlewares/ST/STM32_USB_Device_Library/Class/CDC/Src/usbd_cdc.o
                0x200000d8                USBD_CDC_OtherSpeedCfgDesc
 *fill*         0x2000011b        0x1 
 .data.USBD_Interface_fops_FS
                0x2000011c       0x10 ./USB_DEVICE/App/usbd_cdc_if.o
                0x2000011c                USBD_Interface_fops_FS
 .data.FS_Desc  0x2000012c       0x1c ./USB_DEVICE/App/usbd_desc.o
                0x2000012c                FS_Desc
 .data.USBD_FS_DeviceDesc
                0x20000148       0x12 ./USB_DEVICE/App/usbd_desc.o
                0x20000148                USBD_FS_DeviceDesc
 *fill*         0x2000015a        0x2 
 .data.USBD_LangIDDesc
                0x2000015c        0x4 ./USB_DEVICE/App/usbd_desc.o
                0x2000015c                USBD_LangIDDesc
 .data.USBD_StringSerial
                0x20000160       0x1a ./USB_DEVICE/App/usbd_desc.o
                0x20000160                USBD_StringSerial
 *fill*         0x2000017a        0x2 
 .data._impure_ptr
                0x2000017c        0x4 D:/ST/STM32CubeIDE_1.15.0/STM32CubeIDE/plugins/com.st.stm32cube.ide.mcu.externaltools.gnu-tools-for-stm32.12.3.rel1.win32_1.0.100.202403111256/tools/bin/../lib/gcc/arm-none-eabi/12.3.1/../../../../arm-none-eabi/lib/thumb/v7-m/nofp\libc_nano.a(libc_a-impure.o)
                0x2000017c                _impure_ptr
 .data._impure_data
                0x20000180       0x4c D:/ST/STM32CubeIDE_1.15.0/STM32CubeIDE/plugins/com.st.stm32cube.ide.mcu.externaltools.gnu-tools-for-stm32.12.3.rel1.win32_1.0.100.202403111256/tools/bin/../lib/gcc/arm-none-eabi/12.3.1/../../../../arm-none-eabi/lib/thumb/v7-m/nofp\libc_nano.a(libc_a-impure.o)
                0x20000180                _impure_data
 *(.RamFunc)
 *(.RamFunc*)
                0x200001cc                        . = ALIGN (0x4)
                0x200001cc                        _edata = .

.igot.plt       0x200001cc        0x0 load address 0x080098a0
 .igot.plt      0x200001cc        0x0 D:/ST/STM32CubeIDE_1.15.0/STM32CubeIDE/plugins/com.st.stm32cube.ide.mcu.externaltools.gnu-tools-for-stm32.12.3.rel1.win32_1.0.100.202403111256/tools/bin/../lib/gcc/arm-none-eabi/12.3.1/thumb/v7-m/nofp/crtbegin.o
                0x200001cc                        . = ALIGN (0x4)

.bss            0x200001cc     0x139c load address 0x080098a0
                0x200001cc                        _sbss = .
                0x200001cc                        __bss_start__ = _sbss
 *(.bss)
 .bss           0x200001cc       0x1c D:/ST/STM32CubeIDE_1.15.0/STM32CubeIDE/plugins/com.st.stm32cube.ide.mcu.externaltools.gnu-tools-for-stm32.12.3.rel1.win32_1.0.100.202403111256/tools/bin/../lib/gcc/arm-none-eabi/12.3.1/thumb/v7-m/nofp/crtbegin.o
 *(.bss*)
 .bss._ds1307_ui2c
                0x200001e8        0x4 ./Core/Src/main.o
                0x200001e8                _ds1307_ui2c
 .bss.hi2c1     0x200001ec       0x54 ./Core/Src/main.o
                0x200001ec                hi2c1
 .bss.__sbrk_heap_end
                0x20000240        0x4 ./Core/Src/sysmem.o
 .bss.uwTick    0x20000244        0x4 ./Drivers/STM32F1xx_HAL_Driver/Src/stm32f1xx_hal.o
                0x20000244                uwTick
 .bss.cfgidx.0  0x20000248        0x1 ./Middlewares/ST/STM32_USB_Device_Library/Core/Src/usbd_ctlreq.o
 *fill*         0x20000249        0x3 
 .bss.hUsbDeviceFS
                0x2000024c      0x2c4 ./USB_DEVICE/App/usb_device.o
                0x2000024c                hUsbDeviceFS
 .bss.UserRxBufferFS
                0x20000510      0x400 ./USB_DEVICE/App/usbd_cdc_if.o
                0x20000510                UserRxBufferFS
 .bss.UserTxBufferFS
                0x20000910      0x400 ./USB_DEVICE/App/usbd_cdc_if.o
                0x20000910                UserTxBufferFS
 .bss.USBD_StrDesc
                0x20000d10      0x200 ./USB_DEVICE/App/usbd_desc.o
                0x20000d10                USBD_StrDesc
 .bss.hpcd_USB_FS
                0x20000f10      0x2f0 ./USB_DEVICE/Target/usbd_conf.o
                0x20000f10                hpcd_USB_FS
 .bss.mem.0     0x20001200      0x220 ./USB_DEVICE/Target/usbd_conf.o
 .bss.__sf      0x20001420      0x138 D:/ST/STM32CubeIDE_1.15.0/STM32CubeIDE/plugins/com.st.stm32cube.ide.mcu.externaltools.gnu-tools-for-stm32.12.3.rel1.win32_1.0.100.202403111256/tools/bin/../lib/gcc/arm-none-eabi/12.3.1/../../../../arm-none-eabi/lib/thumb/v7-m/nofp\libc_nano.a(libc_a-findfp.o)
                0x20001420                __sf
 .bss.errno     0x20001558        0x4 D:/ST/STM32CubeIDE_1.15.0/STM32CubeIDE/plugins/com.st.stm32cube.ide.mcu.externaltools.gnu-tools-for-stm32.12.3.rel1.win32_1.0.100.202403111256/tools/bin/../lib/gcc/arm-none-eabi/12.3.1/../../../../arm-none-eabi/lib/thumb/v7-m/nofp\libc_nano.a(libc_a-reent.o)
                0x20001558                errno
 .bss.__lock___malloc_recursive_mutex
                0x2000155c        0x1 D:/ST/STM32CubeIDE_1.15.0/STM32CubeIDE/plugins/com.st.stm32cube.ide.mcu.externaltools.gnu-tools-for-stm32.12.3.rel1.win32_1.0.100.202403111256/tools/bin/../lib/gcc/arm-none-eabi/12.3.1/../../../../arm-none-eabi/lib/thumb/v7-m/nofp\libc_nano.a(libc_a-lock.o)
                0x2000155c                __lock___malloc_recursive_mutex
 *fill*         0x2000155d        0x3 
 .bss.__malloc_sbrk_start
                0x20001560        0x4 D:/ST/STM32CubeIDE_1.15.0/STM32CubeIDE/plugins/com.st.stm32cube.ide.mcu.externaltools.gnu-tools-for-stm32.12.3.rel1.win32_1.0.100.202403111256/tools/bin/../lib/gcc/arm-none-eabi/12.3.1/../../../../arm-none-eabi/lib/thumb/v7-m/nofp\libc_nano.a(libc_a-mallocr.o)
                0x20001560                __malloc_sbrk_start
 .bss.__malloc_free_list
                0x20001564        0x4 D:/ST/STM32CubeIDE_1.15.0/STM32CubeIDE/plugins/com.st.stm32cube.ide.mcu.externaltools.gnu-tools-for-stm32.12.3.rel1.win32_1.0.100.202403111256/tools/bin/../lib/gcc/arm-none-eabi/12.3.1/../../../../arm-none-eabi/lib/thumb/v7-m/nofp\libc_nano.a(libc_a-mallocr.o)
                0x20001564                __malloc_free_list
 *(COMMON)
                0x20001568                        . = ALIGN (0x4)
                0x20001568                        _ebss = .
                0x20001568                        __bss_end__ = _ebss

._user_heap_stack
                0x20001568      0x600 load address 0x080098a0
                0x20001568                        . = ALIGN (0x8)
                [!provide]                        PROVIDE (end = .)
                0x20001568                        PROVIDE (_end = .)
                0x20001768                        . = (. + _Min_Heap_Size)
 *fill*         0x20001568      0x200 
                0x20001b68                        . = (. + _Min_Stack_Size)
 *fill*         0x20001768      0x400 
                0x20001b68                        . = ALIGN (0x8)

/DISCARD/
 libc.a(*)
 libm.a(*)
 libgcc.a(*)

.ARM.attributes
                0x00000000       0x29
 *(.ARM.attributes)
 .ARM.attributes
                0x00000000       0x1d D:/ST/STM32CubeIDE_1.15.0/STM32CubeIDE/plugins/com.st.stm32cube.ide.mcu.externaltools.gnu-tools-for-stm32.12.3.rel1.win32_1.0.100.202403111256/tools/bin/../lib/gcc/arm-none-eabi/12.3.1/thumb/v7-m/nofp/crti.o
 .ARM.attributes
                0x0000001d       0x2d D:/ST/STM32CubeIDE_1.15.0/STM32CubeIDE/plugins/com.st.stm32cube.ide.mcu.externaltools.gnu-tools-for-stm32.12.3.rel1.win32_1.0.100.202403111256/tools/bin/../lib/gcc/arm-none-eabi/12.3.1/thumb/v7-m/nofp/crtbegin.o
 .ARM.attributes
                0x0000004a       0x2d ./Core/Src/main.o
 .ARM.attributes
                0x00000077       0x2d ./Core/Src/stm32f1xx_hal_msp.o
 .ARM.attributes
                0x000000a4       0x2d ./Core/Src/stm32f1xx_it.o
 .ARM.attributes
                0x000000d1       0x2d ./Core/Src/sysmem.o
 .ARM.attributes
                0x000000fe       0x2d ./Core/Src/system_stm32f1xx.o
 .ARM.attributes
                0x0000012b       0x21 ./Core/Startup/startup_stm32f103c8tx.o
 .ARM.attributes
                0x0000014c       0x2d ./Drivers/STM32F1xx_HAL_Driver/Src/stm32f1xx_hal.o
 .ARM.attributes
                0x00000179       0x2d ./Drivers/STM32F1xx_HAL_Driver/Src/stm32f1xx_hal_cortex.o
 .ARM.attributes
                0x000001a6       0x2d ./Drivers/STM32F1xx_HAL_Driver/Src/stm32f1xx_hal_gpio.o
 .ARM.attributes
                0x000001d3       0x2d ./Drivers/STM32F1xx_HAL_Driver/Src/stm32f1xx_hal_i2c.o
 .ARM.attributes
                0x00000200       0x2d ./Drivers/STM32F1xx_HAL_Driver/Src/stm32f1xx_hal_pcd.o
 .ARM.attributes
                0x0000022d       0x2d ./Drivers/STM32F1xx_HAL_Driver/Src/stm32f1xx_hal_pcd_ex.o
 .ARM.attributes
                0x0000025a       0x2d ./Drivers/STM32F1xx_HAL_Driver/Src/stm32f1xx_hal_rcc.o
 .ARM.attributes
                0x00000287       0x2d ./Drivers/STM32F1xx_HAL_Driver/Src/stm32f1xx_hal_rcc_ex.o
 .ARM.attributes
                0x000002b4       0x2d ./Drivers/STM32F1xx_HAL_Driver/Src/stm32f1xx_ll_usb.o
 .ARM.attributes
                0x000002e1       0x2d ./Middlewares/ST/STM32_USB_Device_Library/Class/CDC/Src/usbd_cdc.o
 .ARM.attributes
                0x0000030e       0x2d ./Middlewares/ST/STM32_USB_Device_Library/Core/Src/usbd_core.o
 .ARM.attributes
                0x0000033b       0x2d ./Middlewares/ST/STM32_USB_Device_Library/Core/Src/usbd_ctlreq.o
 .ARM.attributes
                0x00000368       0x2d ./Middlewares/ST/STM32_USB_Device_Library/Core/Src/usbd_ioreq.o
 .ARM.attributes
                0x00000395       0x2d ./USB_DEVICE/App/usb_device.o
 .ARM.attributes
                0x000003c2       0x2d ./USB_DEVICE/App/usbd_cdc_if.o
 .ARM.attributes
                0x000003ef       0x2d ./USB_DEVICE/App/usbd_desc.o
 .ARM.attributes
                0x0000041c       0x2d ./USB_DEVICE/Target/usbd_conf.o
 .ARM.attributes
                0x00000449       0x2d D:/ST/STM32CubeIDE_1.15.0/STM32CubeIDE/plugins/com.st.stm32cube.ide.mcu.externaltools.gnu-tools-for-stm32.12.3.rel1.win32_1.0.100.202403111256/tools/bin/../lib/gcc/arm-none-eabi/12.3.1/../../../../arm-none-eabi/lib/thumb/v7-m/nofp\libc_nano.a(libc_a-findfp.o)
 .ARM.attributes
                0x00000476       0x2d D:/ST/STM32CubeIDE_1.15.0/STM32CubeIDE/plugins/com.st.stm32cube.ide.mcu.externaltools.gnu-tools-for-stm32.12.3.rel1.win32_1.0.100.202403111256/tools/bin/../lib/gcc/arm-none-eabi/12.3.1/../../../../arm-none-eabi/lib/thumb/v7-m/nofp\libc_nano.a(libc_a-sprintf.o)
 .ARM.attributes
                0x000004a3       0x2d D:/ST/STM32CubeIDE_1.15.0/STM32CubeIDE/plugins/com.st.stm32cube.ide.mcu.externaltools.gnu-tools-for-stm32.12.3.rel1.win32_1.0.100.202403111256/tools/bin/../lib/gcc/arm-none-eabi/12.3.1/../../../../arm-none-eabi/lib/thumb/v7-m/nofp\libc_nano.a(libc_a-memset.o)
 .ARM.attributes
                0x000004d0       0x2d D:/ST/STM32CubeIDE_1.15.0/STM32CubeIDE/plugins/com.st.stm32cube.ide.mcu.externaltools.gnu-tools-for-stm32.12.3.rel1.win32_1.0.100.202403111256/tools/bin/../lib/gcc/arm-none-eabi/12.3.1/../../../../arm-none-eabi/lib/thumb/v7-m/nofp\libc_nano.a(libc_a-reent.o)
 .ARM.attributes
                0x000004fd       0x2d D:/ST/STM32CubeIDE_1.15.0/STM32CubeIDE/plugins/com.st.stm32cube.ide.mcu.externaltools.gnu-tools-for-stm32.12.3.rel1.win32_1.0.100.202403111256/tools/bin/../lib/gcc/arm-none-eabi/12.3.1/../../../../arm-none-eabi/lib/thumb/v7-m/nofp\libc_nano.a(libc_a-impure.o)
 .ARM.attributes
                0x0000052a       0x2d D:/ST/STM32CubeIDE_1.15.0/STM32CubeIDE/plugins/com.st.stm32cube.ide.mcu.externaltools.gnu-tools-for-stm32.12.3.rel1.win32_1.0.100.202403111256/tools/bin/../lib/gcc/arm-none-eabi/12.3.1/../../../../arm-none-eabi/lib/thumb/v7-m/nofp\libc_nano.a(libc_a-errno.o)
 .ARM.attributes
                0x00000557       0x2d D:/ST/STM32CubeIDE_1.15.0/STM32CubeIDE/plugins/com.st.stm32cube.ide.mcu.externaltools.gnu-tools-for-stm32.12.3.rel1.win32_1.0.100.202403111256/tools/bin/../lib/gcc/arm-none-eabi/12.3.1/../../../../arm-none-eabi/lib/thumb/v7-m/nofp\libc_nano.a(libc_a-init.o)
 .ARM.attributes
                0x00000584       0x2d D:/ST/STM32CubeIDE_1.15.0/STM32CubeIDE/plugins/com.st.stm32cube.ide.mcu.externaltools.gnu-tools-for-stm32.12.3.rel1.win32_1.0.100.202403111256/tools/bin/../lib/gcc/arm-none-eabi/12.3.1/../../../../arm-none-eabi/lib/thumb/v7-m/nofp\libc_nano.a(libc_a-lock.o)
 .ARM.attributes
                0x000005b1       0x17 D:/ST/STM32CubeIDE_1.15.0/STM32CubeIDE/plugins/com.st.stm32cube.ide.mcu.externaltools.gnu-tools-for-stm32.12.3.rel1.win32_1.0.100.202403111256/tools/bin/../lib/gcc/arm-none-eabi/12.3.1/../../../../arm-none-eabi/lib/thumb/v7-m/nofp\libc_nano.a(libc_a-strlen.o)
 .ARM.attributes
                0x000005c8       0x2d D:/ST/STM32CubeIDE_1.15.0/STM32CubeIDE/plugins/com.st.stm32cube.ide.mcu.externaltools.gnu-tools-for-stm32.12.3.rel1.win32_1.0.100.202403111256/tools/bin/../lib/gcc/arm-none-eabi/12.3.1/../../../../arm-none-eabi/lib/thumb/v7-m/nofp\libc_nano.a(libc_a-freer.o)
 .ARM.attributes
                0x000005f5       0x2d D:/ST/STM32CubeIDE_1.15.0/STM32CubeIDE/plugins/com.st.stm32cube.ide.mcu.externaltools.gnu-tools-for-stm32.12.3.rel1.win32_1.0.100.202403111256/tools/bin/../lib/gcc/arm-none-eabi/12.3.1/../../../../arm-none-eabi/lib/thumb/v7-m/nofp\libc_nano.a(libc_a-mallocr.o)
 .ARM.attributes
                0x00000622       0x2d D:/ST/STM32CubeIDE_1.15.0/STM32CubeIDE/plugins/com.st.stm32cube.ide.mcu.externaltools.gnu-tools-for-stm32.12.3.rel1.win32_1.0.100.202403111256/tools/bin/../lib/gcc/arm-none-eabi/12.3.1/../../../../arm-none-eabi/lib/thumb/v7-m/nofp\libc_nano.a(libc_a-mlock.o)
 .ARM.attributes
                0x0000064f       0x2d D:/ST/STM32CubeIDE_1.15.0/STM32CubeIDE/plugins/com.st.stm32cube.ide.mcu.externaltools.gnu-tools-for-stm32.12.3.rel1.win32_1.0.100.202403111256/tools/bin/../lib/gcc/arm-none-eabi/12.3.1/../../../../arm-none-eabi/lib/thumb/v7-m/nofp\libc_nano.a(libc_a-nano-svfprintf.o)
 .ARM.attributes
                0x0000067c       0x2d D:/ST/STM32CubeIDE_1.15.0/STM32CubeIDE/plugins/com.st.stm32cube.ide.mcu.externaltools.gnu-tools-for-stm32.12.3.rel1.win32_1.0.100.202403111256/tools/bin/../lib/gcc/arm-none-eabi/12.3.1/../../../../arm-none-eabi/lib/thumb/v7-m/nofp\libc_nano.a(libc_a-nano-vfprintf_i.o)
 .ARM.attributes
                0x000006a9       0x2d D:/ST/STM32CubeIDE_1.15.0/STM32CubeIDE/plugins/com.st.stm32cube.ide.mcu.externaltools.gnu-tools-for-stm32.12.3.rel1.win32_1.0.100.202403111256/tools/bin/../lib/gcc/arm-none-eabi/12.3.1/../../../../arm-none-eabi/lib/thumb/v7-m/nofp\libc_nano.a(libc_a-memmove.o)
 .ARM.attributes
                0x000006d6       0x2d D:/ST/STM32CubeIDE_1.15.0/STM32CubeIDE/plugins/com.st.stm32cube.ide.mcu.externaltools.gnu-tools-for-stm32.12.3.rel1.win32_1.0.100.202403111256/tools/bin/../lib/gcc/arm-none-eabi/12.3.1/../../../../arm-none-eabi/lib/thumb/v7-m/nofp\libc_nano.a(libc_a-sbrkr.o)
 .ARM.attributes
                0x00000703       0x2d D:/ST/STM32CubeIDE_1.15.0/STM32CubeIDE/plugins/com.st.stm32cube.ide.mcu.externaltools.gnu-tools-for-stm32.12.3.rel1.win32_1.0.100.202403111256/tools/bin/../lib/gcc/arm-none-eabi/12.3.1/../../../../arm-none-eabi/lib/thumb/v7-m/nofp\libc_nano.a(libc_a-memchr-stub.o)
 .ARM.attributes
                0x00000730       0x2d D:/ST/STM32CubeIDE_1.15.0/STM32CubeIDE/plugins/com.st.stm32cube.ide.mcu.externaltools.gnu-tools-for-stm32.12.3.rel1.win32_1.0.100.202403111256/tools/bin/../lib/gcc/arm-none-eabi/12.3.1/../../../../arm-none-eabi/lib/thumb/v7-m/nofp\libc_nano.a(libc_a-memcpy-stub.o)
 .ARM.attributes
                0x0000075d       0x2d D:/ST/STM32CubeIDE_1.15.0/STM32CubeIDE/plugins/com.st.stm32cube.ide.mcu.externaltools.gnu-tools-for-stm32.12.3.rel1.win32_1.0.100.202403111256/tools/bin/../lib/gcc/arm-none-eabi/12.3.1/../../../../arm-none-eabi/lib/thumb/v7-m/nofp\libc_nano.a(libc_a-reallocr.o)
 .ARM.attributes
                0x0000078a       0x2d D:/ST/STM32CubeIDE_1.15.0/STM32CubeIDE/plugins/com.st.stm32cube.ide.mcu.externaltools.gnu-tools-for-stm32.12.3.rel1.win32_1.0.100.202403111256/tools/bin/../lib/gcc/arm-none-eabi/12.3.1/../../../../arm-none-eabi/lib/thumb/v7-m/nofp\libc_nano.a(libc_a-msizer.o)
 .ARM.attributes
                0x000007b7       0x1d D:/ST/STM32CubeIDE_1.15.0/STM32CubeIDE/plugins/com.st.stm32cube.ide.mcu.externaltools.gnu-tools-for-stm32.12.3.rel1.win32_1.0.100.202403111256/tools/bin/../lib/gcc/arm-none-eabi/12.3.1/thumb/v7-m/nofp/crtn.o
OUTPUT(DS1307_Clock.elf elf32-littlearm)
LOAD linker stubs
LOAD D:/ST/STM32CubeIDE_1.15.0/STM32CubeIDE/plugins/com.st.stm32cube.ide.mcu.externaltools.gnu-tools-for-stm32.12.3.rel1.win32_1.0.100.202403111256/tools/bin/../lib/gcc/arm-none-eabi/12.3.1/../../../../arm-none-eabi/lib/thumb/v7-m/nofp\libc.a
LOAD D:/ST/STM32CubeIDE_1.15.0/STM32CubeIDE/plugins/com.st.stm32cube.ide.mcu.externaltools.gnu-tools-for-stm32.12.3.rel1.win32_1.0.100.202403111256/tools/bin/../lib/gcc/arm-none-eabi/12.3.1/../../../../arm-none-eabi/lib/thumb/v7-m/nofp\libm.a
LOAD D:/ST/STM32CubeIDE_1.15.0/STM32CubeIDE/plugins/com.st.stm32cube.ide.mcu.externaltools.gnu-tools-for-stm32.12.3.rel1.win32_1.0.100.202403111256/tools/bin/../lib/gcc/arm-none-eabi/12.3.1/thumb/v7-m/nofp\libgcc.a

.debug_info     0x00000000     0xf368
 .debug_info    0x00000000      0xf5f ./Core/Src/main.o
 .debug_info    0x00000f5f      0x845 ./Core/Src/stm32f1xx_hal_msp.o
 .debug_info    0x000017a4      0x5f5 ./Core/Src/stm32f1xx_it.o
 .debug_info    0x00001d99      0x168 ./Core/Src/sysmem.o
 .debug_info    0x00001f01      0x222 ./Core/Src/system_stm32f1xx.o
 .debug_info    0x00002123       0x30 ./Core/Startup/startup_stm32f103c8tx.o
 .debug_info    0x00002153      0x704 ./Drivers/STM32F1xx_HAL_Driver/Src/stm32f1xx_hal.o
 .debug_info    0x00002857      0xa87 ./Drivers/STM32F1xx_HAL_Driver/Src/stm32f1xx_hal_cortex.o
 .debug_info    0x000032de      0x5ab ./Drivers/STM32F1xx_HAL_Driver/Src/stm32f1xx_hal_gpio.o
 .debug_info    0x00003889     0x2515 ./Drivers/STM32F1xx_HAL_Driver/Src/stm32f1xx_hal_i2c.o
 .debug_info    0x00005d9e     0x16cf ./Drivers/STM32F1xx_HAL_Driver/Src/stm32f1xx_hal_pcd.o
 .debug_info    0x0000746d      0x6b6 ./Drivers/STM32F1xx_HAL_Driver/Src/stm32f1xx_hal_pcd_ex.o
 .debug_info    0x00007b23      0x7d5 ./Drivers/STM32F1xx_HAL_Driver/Src/stm32f1xx_hal_rcc.o
 .debug_info    0x000082f8      0x3c0 ./Drivers/STM32F1xx_HAL_Driver/Src/stm32f1xx_hal_rcc_ex.o
 .debug_info    0x000086b8     0x17a2 ./Drivers/STM32F1xx_HAL_Driver/Src/stm32f1xx_ll_usb.o
 .debug_info    0x00009e5a     0x1036 ./Middlewares/ST/STM32_USB_Device_Library/Class/CDC/Src/usbd_cdc.o
 .debug_info    0x0000ae90      0xa52 ./Middlewares/ST/STM32_USB_Device_Library/Core/Src/usbd_core.o
 .debug_info    0x0000b8e2      0x91c ./Middlewares/ST/STM32_USB_Device_Library/Core/Src/usbd_ctlreq.o
 .debug_info    0x0000c1fe      0x6a0 ./Middlewares/ST/STM32_USB_Device_Library/Core/Src/usbd_ioreq.o
 .debug_info    0x0000c89e      0x63d ./USB_DEVICE/App/usb_device.o
 .debug_info    0x0000cedb      0x7ec ./USB_DEVICE/App/usbd_cdc_if.o
 .debug_info    0x0000d6c7      0x44a ./USB_DEVICE/App/usbd_desc.o
 .debug_info    0x0000db11     0x1857 ./USB_DEVICE/Target/usbd_conf.o

.debug_abbrev   0x00000000     0x2e66
 .debug_abbrev  0x00000000      0x31b ./Core/Src/main.o
 .debug_abbrev  0x0000031b      0x1a3 ./Core/Src/stm32f1xx_hal_msp.o
 .debug_abbrev  0x000004be      0x192 ./Core/Src/stm32f1xx_it.o
 .debug_abbrev  0x00000650       0xbc ./Core/Src/sysmem.o
 .debug_abbrev  0x0000070c      0x13f ./Core/Src/system_stm32f1xx.o
 .debug_abbrev  0x0000084b       0x24 ./Core/Startup/startup_stm32f103c8tx.o
 .debug_abbrev  0x0000086f      0x201 ./Drivers/STM32F1xx_HAL_Driver/Src/stm32f1xx_hal.o
 .debug_abbrev  0x00000a70      0x2f8 ./Drivers/STM32F1xx_HAL_Driver/Src/stm32f1xx_hal_cortex.o
 .debug_abbrev  0x00000d68      0x1ca ./Drivers/STM32F1xx_HAL_Driver/Src/stm32f1xx_hal_gpio.o
 .debug_abbrev  0x00000f32      0x2a3 ./Drivers/STM32F1xx_HAL_Driver/Src/stm32f1xx_hal_i2c.o
 .debug_abbrev  0x000011d5      0x2d6 ./Drivers/STM32F1xx_HAL_Driver/Src/stm32f1xx_hal_pcd.o
 .debug_abbrev  0x000014ab      0x189 ./Drivers/STM32F1xx_HAL_Driver/Src/stm32f1xx_hal_pcd_ex.o
 .debug_abbrev  0x00001634      0x2b3 ./Drivers/STM32F1xx_HAL_Driver/Src/stm32f1xx_hal_rcc.o
 .debug_abbrev  0x000018e7      0x188 ./Drivers/STM32F1xx_HAL_Driver/Src/stm32f1xx_hal_rcc_ex.o
 .debug_abbrev  0x00001a6f      0x1de ./Drivers/STM32F1xx_HAL_Driver/Src/stm32f1xx_ll_usb.o
 .debug_abbrev  0x00001c4d      0x2d3 ./Middlewares/ST/STM32_USB_Device_Library/Class/CDC/Src/usbd_cdc.o
 .debug_abbrev  0x00001f20      0x24a ./Middlewares/ST/STM32_USB_Device_Library/Core/Src/usbd_core.o
 .debug_abbrev  0x0000216a      0x26b ./Middlewares/ST/STM32_USB_Device_Library/Core/Src/usbd_ctlreq.o
 .debug_abbrev  0x000023d5      0x192 ./Middlewares/ST/STM32_USB_Device_Library/Core/Src/usbd_ioreq.o
 .debug_abbrev  0x00002567      0x18d ./USB_DEVICE/App/usb_device.o
 .debug_abbrev  0x000026f4      0x25d ./USB_DEVICE/App/usbd_cdc_if.o
 .debug_abbrev  0x00002951      0x1ff ./USB_DEVICE/App/usbd_desc.o
 .debug_abbrev  0x00002b50      0x316 ./USB_DEVICE/Target/usbd_conf.o

.debug_aranges  0x00000000      0xe20
 .debug_aranges
                0x00000000      0x110 ./Core/Src/main.o
 .debug_aranges
                0x00000110       0x30 ./Core/Src/stm32f1xx_hal_msp.o
 .debug_aranges
                0x00000140       0x68 ./Core/Src/stm32f1xx_it.o
 .debug_aranges
                0x000001a8       0x20 ./Core/Src/sysmem.o
 .debug_aranges
                0x000001c8       0x28 ./Core/Src/system_stm32f1xx.o
 .debug_aranges
                0x000001f0       0x28 ./Core/Startup/startup_stm32f103c8tx.o
 .debug_aranges
                0x00000218       0xe0 ./Drivers/STM32F1xx_HAL_Driver/Src/stm32f1xx_hal.o
 .debug_aranges
                0x000002f8      0x100 ./Drivers/STM32F1xx_HAL_Driver/Src/stm32f1xx_hal_cortex.o
 .debug_aranges
                0x000003f8       0x58 ./Drivers/STM32F1xx_HAL_Driver/Src/stm32f1xx_hal_gpio.o
 .debug_aranges
                0x00000450      0x2a8 ./Drivers/STM32F1xx_HAL_Driver/Src/stm32f1xx_hal_i2c.o
 .debug_aranges
                0x000006f8      0x140 ./Drivers/STM32F1xx_HAL_Driver/Src/stm32f1xx_hal_pcd.o
 .debug_aranges
                0x00000838       0x38 ./Drivers/STM32F1xx_HAL_Driver/Src/stm32f1xx_hal_pcd_ex.o
 .debug_aranges
                0x00000870       0x90 ./Drivers/STM32F1xx_HAL_Driver/Src/stm32f1xx_hal_rcc.o
 .debug_aranges
                0x00000900       0x30 ./Drivers/STM32F1xx_HAL_Driver/Src/stm32f1xx_hal_rcc_ex.o
 .debug_aranges
                0x00000930       0xf8 ./Drivers/STM32F1xx_HAL_Driver/Src/stm32f1xx_ll_usb.o
 .debug_aranges
                0x00000a28       0x90 ./Middlewares/ST/STM32_USB_Device_Library/Class/CDC/Src/usbd_cdc.o
 .debug_aranges
                0x00000ab8       0xb8 ./Middlewares/ST/STM32_USB_Device_Library/Core/Src/usbd_core.o
 .debug_aranges
                0x00000b70       0x88 ./Middlewares/ST/STM32_USB_Device_Library/Core/Src/usbd_ctlreq.o
 .debug_aranges
                0x00000bf8       0x50 ./Middlewares/ST/STM32_USB_Device_Library/Core/Src/usbd_ioreq.o
 .debug_aranges
                0x00000c48       0x20 ./USB_DEVICE/App/usb_device.o
 .debug_aranges
                0x00000c68       0x40 ./USB_DEVICE/App/usbd_cdc_if.o
 .debug_aranges
                0x00000ca8       0x60 ./USB_DEVICE/App/usbd_desc.o
 .debug_aranges
                0x00000d08      0x118 ./USB_DEVICE/Target/usbd_conf.o

.debug_rnglists
                0x00000000      0xa96
 .debug_rnglists
                0x00000000       0xc9 ./Core/Src/main.o
 .debug_rnglists
                0x000000c9       0x1f ./Core/Src/stm32f1xx_hal_msp.o
 .debug_rnglists
                0x000000e8       0x49 ./Core/Src/stm32f1xx_it.o
 .debug_rnglists
                0x00000131       0x13 ./Core/Src/sysmem.o
 .debug_rnglists
                0x00000144       0x1a ./Core/Src/system_stm32f1xx.o
 .debug_rnglists
                0x0000015e       0x19 ./Core/Startup/startup_stm32f103c8tx.o
 .debug_rnglists
                0x00000177       0xa3 ./Drivers/STM32F1xx_HAL_Driver/Src/stm32f1xx_hal.o
 .debug_rnglists
                0x0000021a       0xbb ./Drivers/STM32F1xx_HAL_Driver/Src/stm32f1xx_hal_cortex.o
 .debug_rnglists
                0x000002d5       0x3f ./Drivers/STM32F1xx_HAL_Driver/Src/stm32f1xx_hal_gpio.o
 .debug_rnglists
                0x00000314      0x23c ./Drivers/STM32F1xx_HAL_Driver/Src/stm32f1xx_hal_i2c.o
 .debug_rnglists
                0x00000550       0xf4 ./Drivers/STM32F1xx_HAL_Driver/Src/stm32f1xx_hal_pcd.o
 .debug_rnglists
                0x00000644       0x26 ./Drivers/STM32F1xx_HAL_Driver/Src/stm32f1xx_hal_pcd_ex.o
 .debug_rnglists
                0x0000066a       0x6c ./Drivers/STM32F1xx_HAL_Driver/Src/stm32f1xx_hal_rcc.o
 .debug_rnglists
                0x000006d6       0x21 ./Drivers/STM32F1xx_HAL_Driver/Src/stm32f1xx_hal_rcc_ex.o
 .debug_rnglists
                0x000006f7       0xbd ./Drivers/STM32F1xx_HAL_Driver/Src/stm32f1xx_ll_usb.o
 .debug_rnglists
                0x000007b4       0x6a ./Middlewares/ST/STM32_USB_Device_Library/Class/CDC/Src/usbd_cdc.o
 .debug_rnglists
                0x0000081e       0x89 ./Middlewares/ST/STM32_USB_Device_Library/Core/Src/usbd_core.o
 .debug_rnglists
                0x000008a7       0x68 ./Middlewares/ST/STM32_USB_Device_Library/Core/Src/usbd_ctlreq.o
 .debug_rnglists
                0x0000090f       0x37 ./Middlewares/ST/STM32_USB_Device_Library/Core/Src/usbd_ioreq.o
 .debug_rnglists
                0x00000946       0x13 ./USB_DEVICE/App/usb_device.o
 .debug_rnglists
                0x00000959       0x2c ./USB_DEVICE/App/usbd_cdc_if.o
 .debug_rnglists
                0x00000985       0x43 ./USB_DEVICE/App/usbd_desc.o
 .debug_rnglists
                0x000009c8       0xce ./USB_DEVICE/Target/usbd_conf.o

.debug_macro    0x00000000    0x1996a
 .debug_macro   0x00000000      0x37b ./Core/Src/main.o
 .debug_macro   0x0000037b      0xaa8 ./Core/Src/main.o
 .debug_macro   0x00000e23      0x21b ./Core/Src/main.o
 .debug_macro   0x0000103e       0x2e ./Core/Src/main.o
 .debug_macro   0x0000106c       0x22 ./Core/Src/main.o
 .debug_macro   0x0000108e       0x22 ./Core/Src/main.o
 .debug_macro   0x000010b0       0x8e ./Core/Src/main.o
 .debug_macro   0x0000113e       0x51 ./Core/Src/main.o
 .debug_macro   0x0000118f      0x103 ./Core/Src/main.o
 .debug_macro   0x00001292       0x6a ./Core/Src/main.o
 .debug_macro   0x000012fc      0x1df ./Core/Src/main.o
 .debug_macro   0x000014db       0x1c ./Core/Src/main.o
 .debug_macro   0x000014f7       0x22 ./Core/Src/main.o
 .debug_macro   0x00001519       0xbd ./Core/Src/main.o
 .debug_macro   0x000015d6      0xd23 ./Core/Src/main.o
 .debug_macro   0x000022f9     0xe09e ./Core/Src/main.o
 .debug_macro   0x00010397       0x6d ./Core/Src/main.o
 .debug_macro   0x00010404     0x348d ./Core/Src/main.o
 .debug_macro   0x00013891      0x189 ./Core/Src/main.o
 .debug_macro   0x00013a1a       0x5c ./Core/Src/main.o
 .debug_macro   0x00013a76      0x5bc ./Core/Src/main.o
 .debug_macro   0x00014032      0x289 ./Core/Src/main.o
 .debug_macro   0x000142bb      0x1cb ./Core/Src/main.o
 .debug_macro   0x00014486      0x114 ./Core/Src/main.o
 .debug_macro   0x0001459a      0x1b2 ./Core/Src/main.o
 .debug_macro   0x0001474c       0x27 ./Core/Src/main.o
 .debug_macro   0x00014773      0x136 ./Core/Src/main.o
 .debug_macro   0x000148a9      0x1bc ./Core/Src/main.o
 .debug_macro   0x00014a65       0x34 ./Core/Src/main.o
 .debug_macro   0x00014a99       0x3c ./Core/Src/main.o
 .debug_macro   0x00014ad5       0x57 ./Core/Src/main.o
 .debug_macro   0x00014b2c       0x87 ./Core/Src/main.o
 .debug_macro   0x00014bb3      0x240 ./Core/Src/main.o
 .debug_macro   0x00014df3      0x287 ./Core/Src/main.o
 .debug_macro   0x0001507a      0x140 ./Core/Src/main.o
 .debug_macro   0x000151ba       0xab ./Core/Src/main.o
 .debug_macro   0x00015265      0x242 ./Core/Src/main.o
 .debug_macro   0x000154a7       0x83 ./Core/Src/main.o
 .debug_macro   0x0001552a       0x61 ./Core/Src/main.o
 .debug_macro   0x0001558b       0x24 ./Core/Src/main.o
 .debug_macro   0x000155af       0x43 ./Core/Src/main.o
 .debug_macro   0x000155f2       0x34 ./Core/Src/main.o
 .debug_macro   0x00015626       0x16 ./Core/Src/main.o
 .debug_macro   0x0001563c       0x35 ./Core/Src/main.o
 .debug_macro   0x00015671      0x369 ./Core/Src/main.o
 .debug_macro   0x000159da       0x10 ./Core/Src/main.o
 .debug_macro   0x000159ea       0x16 ./Core/Src/main.o
 .debug_macro   0x00015a00       0x43 ./Core/Src/main.o
 .debug_macro   0x00015a43       0x34 ./Core/Src/main.o
 .debug_macro   0x00015a77       0x10 ./Core/Src/main.o
 .debug_macro   0x00015a87       0x58 ./Core/Src/main.o
 .debug_macro   0x00015adf       0x8e ./Core/Src/main.o
 .debug_macro   0x00015b6d       0x1c ./Core/Src/main.o
 .debug_macro   0x00015b89      0x177 ./Core/Src/main.o
 .debug_macro   0x00015d00       0x16 ./Core/Src/main.o
 .debug_macro   0x00015d16       0x16 ./Core/Src/main.o
 .debug_macro   0x00015d2c      0x146 ./Core/Src/main.o
 .debug_macro   0x00015e72       0x16 ./Core/Src/main.o
 .debug_macro   0x00015e88       0x16 ./Core/Src/main.o
 .debug_macro   0x00015e9e       0x29 ./Core/Src/main.o
 .debug_macro   0x00015ec7       0x16 ./Core/Src/main.o
 .debug_macro   0x00015edd       0x20 ./Core/Src/main.o
 .debug_macro   0x00015efd       0x5f ./Core/Src/main.o
 .debug_macro   0x00015f5c      0x1c8 ./Core/Src/main.o
 .debug_macro   0x00016124       0x8f ./Core/Src/main.o
 .debug_macro   0x000161b3       0x10 ./Core/Src/main.o
 .debug_macro   0x000161c3       0x5e ./Core/Src/main.o
 .debug_macro   0x00016221      0x1bc ./Core/Src/stm32f1xx_hal_msp.o
 .debug_macro   0x000163dd      0x1c6 ./Core/Src/stm32f1xx_it.o
 .debug_macro   0x000165a3       0xff ./Core/Src/sysmem.o
 .debug_macro   0x000166a2      0x23c ./Core/Src/sysmem.o
 .debug_macro   0x000168de      0x1b2 ./Core/Src/system_stm32f1xx.o
 .debug_macro   0x00016a90      0x1d6 ./Drivers/STM32F1xx_HAL_Driver/Src/stm32f1xx_hal.o
 .debug_macro   0x00016c66      0x1b2 ./Drivers/STM32F1xx_HAL_Driver/Src/stm32f1xx_hal_cortex.o
 .debug_macro   0x00016e18      0x21d ./Drivers/STM32F1xx_HAL_Driver/Src/stm32f1xx_hal_gpio.o
 .debug_macro   0x00017035      0x200 ./Drivers/STM32F1xx_HAL_Driver/Src/stm32f1xx_hal_i2c.o
 .debug_macro   0x00017235      0x1be ./Drivers/STM32F1xx_HAL_Driver/Src/stm32f1xx_hal_pcd.o
 .debug_macro   0x000173f3      0x1b2 ./Drivers/STM32F1xx_HAL_Driver/Src/stm32f1xx_hal_pcd_ex.o
 .debug_macro   0x000175a5      0x1c4 ./Drivers/STM32F1xx_HAL_Driver/Src/stm32f1xx_hal_rcc.o
 .debug_macro   0x00017769      0x1b2 ./Drivers/STM32F1xx_HAL_Driver/Src/stm32f1xx_hal_rcc_ex.o
 .debug_macro   0x0001791b      0x1b2 ./Drivers/STM32F1xx_HAL_Driver/Src/stm32f1xx_ll_usb.o
 .debug_macro   0x00017acd      0x34b ./Middlewares/ST/STM32_USB_Device_Library/Class/CDC/Src/usbd_cdc.o
 .debug_macro   0x00017e18       0x9e ./Middlewares/ST/STM32_USB_Device_Library/Class/CDC/Src/usbd_cdc.o
 .debug_macro   0x00017eb6      0x10b ./Middlewares/ST/STM32_USB_Device_Library/Class/CDC/Src/usbd_cdc.o
 .debug_macro   0x00017fc1       0x56 ./Middlewares/ST/STM32_USB_Device_Library/Class/CDC/Src/usbd_cdc.o
 .debug_macro   0x00018017      0x332 ./Middlewares/ST/STM32_USB_Device_Library/Core/Src/usbd_core.o
 .debug_macro   0x00018349      0x1ce ./Middlewares/ST/STM32_USB_Device_Library/Core/Src/usbd_core.o
 .debug_macro   0x00018517      0x33c ./Middlewares/ST/STM32_USB_Device_Library/Core/Src/usbd_ctlreq.o
 .debug_macro   0x00018853      0x338 ./Middlewares/ST/STM32_USB_Device_Library/Core/Src/usbd_ioreq.o
 .debug_macro   0x00018b8b      0x371 ./USB_DEVICE/App/usb_device.o
 .debug_macro   0x00018efc       0x22 ./USB_DEVICE/App/usb_device.o
 .debug_macro   0x00018f1e       0x16 ./USB_DEVICE/App/usb_device.o
 .debug_macro   0x00018f34      0x356 ./USB_DEVICE/App/usbd_cdc_if.o
 .debug_macro   0x0001928a      0x36f ./USB_DEVICE/App/usbd_desc.o
 .debug_macro   0x000195f9       0x1c ./USB_DEVICE/App/usbd_desc.o
 .debug_macro   0x00019615      0x355 ./USB_DEVICE/Target/usbd_conf.o

.debug_line     0x00000000    0x12c00
 .debug_line    0x00000000      0xe86 ./Core/Src/main.o
 .debug_line    0x00000e86      0x764 ./Core/Src/stm32f1xx_hal_msp.o
 .debug_line    0x000015ea      0x7f4 ./Core/Src/stm32f1xx_it.o
 .debug_line    0x00001dde      0x583 ./Core/Src/sysmem.o
 .debug_line    0x00002361      0x798 ./Core/Src/system_stm32f1xx.o
 .debug_line    0x00002af9       0x78 ./Core/Startup/startup_stm32f103c8tx.o
 .debug_line    0x00002b71      0x9c5 ./Drivers/STM32F1xx_HAL_Driver/Src/stm32f1xx_hal.o
 .debug_line    0x00003536      0xbb1 ./Drivers/STM32F1xx_HAL_Driver/Src/stm32f1xx_hal_cortex.o
 .debug_line    0x000040e7      0xa5e ./Drivers/STM32F1xx_HAL_Driver/Src/stm32f1xx_hal_gpio.o
 .debug_line    0x00004b45     0x3c32 ./Drivers/STM32F1xx_HAL_Driver/Src/stm32f1xx_hal_i2c.o
 .debug_line    0x00008777     0x1420 ./Drivers/STM32F1xx_HAL_Driver/Src/stm32f1xx_hal_pcd.o
 .debug_line    0x00009b97      0x793 ./Drivers/STM32F1xx_HAL_Driver/Src/stm32f1xx_hal_pcd_ex.o
 .debug_line    0x0000a32a      0xdce ./Drivers/STM32F1xx_HAL_Driver/Src/stm32f1xx_hal_rcc.o
 .debug_line    0x0000b0f8      0x90f ./Drivers/STM32F1xx_HAL_Driver/Src/stm32f1xx_hal_rcc_ex.o
 .debug_line    0x0000ba07     0x1096 ./Drivers/STM32F1xx_HAL_Driver/Src/stm32f1xx_ll_usb.o
 .debug_line    0x0000ca9d      0xd1d ./Middlewares/ST/STM32_USB_Device_Library/Class/CDC/Src/usbd_cdc.o
 .debug_line    0x0000d7ba      0xd99 ./Middlewares/ST/STM32_USB_Device_Library/Core/Src/usbd_core.o
 .debug_line    0x0000e553      0xfd9 ./Middlewares/ST/STM32_USB_Device_Library/Core/Src/usbd_ctlreq.o
 .debug_line    0x0000f52c      0xa2f ./Middlewares/ST/STM32_USB_Device_Library/Core/Src/usbd_ioreq.o
 .debug_line    0x0000ff5b      0x9ef ./USB_DEVICE/App/usb_device.o
 .debug_line    0x0001094a      0xa37 ./USB_DEVICE/App/usbd_cdc_if.o
 .debug_line    0x00011381      0xaa8 ./USB_DEVICE/App/usbd_desc.o
 .debug_line    0x00011e29      0xdd7 ./USB_DEVICE/Target/usbd_conf.o

.debug_str      0x00000000    0x875a4
 .debug_str     0x00000000    0x83ad9 ./Core/Src/main.o
                              0x83f27 (size before relaxing)
 .debug_str     0x00083ad9       0xd7 ./Core/Src/stm32f1xx_hal_msp.o
                              0x7f446 (size before relaxing)
 .debug_str     0x00083bb0      0x3cd ./Core/Src/stm32f1xx_it.o
                              0x7f316 (size before relaxing)
 .debug_str     0x00083f7d      0x4dc ./Core/Src/sysmem.o
                               0x6065 (size before relaxing)
 .debug_str     0x00084459       0x7e ./Core/Src/system_stm32f1xx.o
                              0x7ef6d (size before relaxing)
 .debug_str     0x000844d7       0x44 ./Core/Startup/startup_stm32f103c8tx.o
                                 0x70 (size before relaxing)
 .debug_str     0x0008451b      0x607 ./Drivers/STM32F1xx_HAL_Driver/Src/stm32f1xx_hal.o
                              0x7f6a0 (size before relaxing)
 .debug_str     0x00084b22      0x293 ./Drivers/STM32F1xx_HAL_Driver/Src/stm32f1xx_hal_cortex.o
                              0x7f5ec (size before relaxing)
 .debug_str     0x00084db5      0x322 ./Drivers/STM32F1xx_HAL_Driver/Src/stm32f1xx_hal_gpio.o
                              0x7f2f3 (size before relaxing)
 .debug_str     0x000850d7      0xb8e ./Drivers/STM32F1xx_HAL_Driver/Src/stm32f1xx_hal_i2c.o
                              0x80034 (size before relaxing)
 .debug_str     0x00085c65      0x5bd ./Drivers/STM32F1xx_HAL_Driver/Src/stm32f1xx_hal_pcd.o
                              0x7f87f (size before relaxing)
 .debug_str     0x00086222      0x170 ./Drivers/STM32F1xx_HAL_Driver/Src/stm32f1xx_hal_pcd_ex.o
                              0x7f3e1 (size before relaxing)
 .debug_str     0x00086392      0x209 ./Drivers/STM32F1xx_HAL_Driver/Src/stm32f1xx_hal_rcc.o
                              0x7f39c (size before relaxing)
 .debug_str     0x0008659b       0x9f ./Drivers/STM32F1xx_HAL_Driver/Src/stm32f1xx_hal_rcc_ex.o
                              0x7f0ec (size before relaxing)
 .debug_str     0x0008663a      0x129 ./Drivers/STM32F1xx_HAL_Driver/Src/stm32f1xx_ll_usb.o
                              0x7f433 (size before relaxing)
 .debug_str     0x00086763      0x63c ./Middlewares/ST/STM32_USB_Device_Library/Class/CDC/Src/usbd_cdc.o
                              0x83e2b (size before relaxing)
 .debug_str     0x00086d9f      0x281 ./Middlewares/ST/STM32_USB_Device_Library/Core/Src/usbd_core.o
                              0x83766 (size before relaxing)
 .debug_str     0x00087020      0x120 ./Middlewares/ST/STM32_USB_Device_Library/Core/Src/usbd_ctlreq.o
                              0x83680 (size before relaxing)
 .debug_str     0x00087140       0x51 ./Middlewares/ST/STM32_USB_Device_Library/Core/Src/usbd_ioreq.o
                              0x835ad (size before relaxing)
 .debug_str     0x00087191       0xc6 ./USB_DEVICE/App/usb_device.o
                              0x83938 (size before relaxing)
 .debug_str     0x00087257       0x7d ./USB_DEVICE/App/usbd_cdc_if.o
                              0x8395e (size before relaxing)
 .debug_str     0x000872d4      0x258 ./USB_DEVICE/App/usbd_desc.o
                              0x834e9 (size before relaxing)
 .debug_str     0x0008752c       0x78 ./USB_DEVICE/Target/usbd_conf.o
                              0x843b8 (size before relaxing)

.comment        0x00000000       0x43
 .comment       0x00000000       0x43 ./Core/Src/main.o
                                 0x44 (size before relaxing)
 .comment       0x00000043       0x44 ./Core/Src/stm32f1xx_hal_msp.o
 .comment       0x00000043       0x44 ./Core/Src/stm32f1xx_it.o
 .comment       0x00000043       0x44 ./Core/Src/sysmem.o
 .comment       0x00000043       0x44 ./Core/Src/system_stm32f1xx.o
 .comment       0x00000043       0x44 ./Drivers/STM32F1xx_HAL_Driver/Src/stm32f1xx_hal.o
 .comment       0x00000043       0x44 ./Drivers/STM32F1xx_HAL_Driver/Src/stm32f1xx_hal_cortex.o
 .comment       0x00000043       0x44 ./Drivers/STM32F1xx_HAL_Driver/Src/stm32f1xx_hal_gpio.o
 .comment       0x00000043       0x44 ./Drivers/STM32F1xx_HAL_Driver/Src/stm32f1xx_hal_i2c.o
 .comment       0x00000043       0x44 ./Drivers/STM32F1xx_HAL_Driver/Src/stm32f1xx_hal_pcd.o
 .comment       0x00000043       0x44 ./Drivers/STM32F1xx_HAL_Driver/Src/stm32f1xx_hal_pcd_ex.o
 .comment       0x00000043       0x44 ./Drivers/STM32F1xx_HAL_Driver/Src/stm32f1xx_hal_rcc.o
 .comment       0x00000043       0x44 ./Drivers/STM32F1xx_HAL_Driver/Src/stm32f1xx_hal_rcc_ex.o